###############################################################################
#
# IAR ELF Linker V8.32.2.178/W32 for ARM                  21/Nov/2019  14:39:39
# Copyright 2007-2018 IAR Systems AB.
#
#    Output file  =  
#        C:\Users\Maxunm\TshirtPressRebase\Press\EWARM\Press\Exe\Press.out
#    Map file     =  
#        C:\Users\Maxunm\TshirtPressRebase\Press\EWARM\Press\List\Press.map
#    Command line =  
#        -f C:\Users\Maxunm\AppData\Local\Temp\EWAEBB.tmp
#        (C:\Users\Maxunm\TshirtPressRebase\Press\EWARM\Press\Obj\main.o
#        C:\Users\Maxunm\TshirtPressRebase\Press\EWARM\Press\Obj\startup_stm32f103xb.o
#        C:\Users\Maxunm\TshirtPressRebase\Press\EWARM\Press\Obj\stm32f1xx_hal.o
#        C:\Users\Maxunm\TshirtPressRebase\Press\EWARM\Press\Obj\stm32f1xx_hal_adc.o
#        C:\Users\Maxunm\TshirtPressRebase\Press\EWARM\Press\Obj\stm32f1xx_hal_adc_ex.o
#        C:\Users\Maxunm\TshirtPressRebase\Press\EWARM\Press\Obj\stm32f1xx_hal_cortex.o
#        C:\Users\Maxunm\TshirtPressRebase\Press\EWARM\Press\Obj\stm32f1xx_hal_dma.o
#        C:\Users\Maxunm\TshirtPressRebase\Press\EWARM\Press\Obj\stm32f1xx_hal_flash.o
#        C:\Users\Maxunm\TshirtPressRebase\Press\EWARM\Press\Obj\stm32f1xx_hal_flash_ex.o
#        C:\Users\Maxunm\TshirtPressRebase\Press\EWARM\Press\Obj\stm32f1xx_hal_gpio.o
#        C:\Users\Maxunm\TshirtPressRebase\Press\EWARM\Press\Obj\stm32f1xx_hal_gpio_ex.o
#        C:\Users\Maxunm\TshirtPressRebase\Press\EWARM\Press\Obj\stm32f1xx_hal_msp.o
#        C:\Users\Maxunm\TshirtPressRebase\Press\EWARM\Press\Obj\stm32f1xx_hal_pwr.o
#        C:\Users\Maxunm\TshirtPressRebase\Press\EWARM\Press\Obj\stm32f1xx_hal_rcc.o
#        C:\Users\Maxunm\TshirtPressRebase\Press\EWARM\Press\Obj\stm32f1xx_hal_rcc_ex.o
#        C:\Users\Maxunm\TshirtPressRebase\Press\EWARM\Press\Obj\stm32f1xx_hal_tim.o
#        C:\Users\Maxunm\TshirtPressRebase\Press\EWARM\Press\Obj\stm32f1xx_hal_tim_ex.o
#        C:\Users\Maxunm\TshirtPressRebase\Press\EWARM\Press\Obj\stm32f1xx_it.o
#        C:\Users\Maxunm\TshirtPressRebase\Press\EWARM\Press\Obj\system_stm32f1xx.o
#        --redirect _Printf=_PrintfFull --redirect _Scanf=_ScanfFull
#        --no_out_extension -o
#        C:\Users\Maxunm\TshirtPressRebase\Press\EWARM\Press\Exe\Press.out
#        --map
#        C:\Users\Maxunm\TshirtPressRebase\Press\EWARM\Press\List\Press.map
#        --config
#        C:\Users\Maxunm\TshirtPressRebase\Press\EWARM/stm32f103xb_flash.icf
#        --semihosting --entry __iar_program_start --vfe --text_out locale)
#
###############################################################################

*******************************************************************************
*** RUNTIME MODEL ATTRIBUTES
***

CppFlavor       = *
__SystemLibrary = DLib
__dlib_version  = 6


*******************************************************************************
*** HEAP SELECTION
***

The basic heap was selected because some modules are built with
size limitations (and not runtime checking), and --advanced_heap
was not specified.


*******************************************************************************
*** PLACEMENT SUMMARY
***

"A0":  place at 0x800'0000 { ro section .intvec };
"P1":  place in [from 0x800'0000 to 0x801'ffff] { ro };
define block CSTACK with size = 1K, alignment = 8 { };
define block HEAP with size = 512, alignment = 8 { };
"P2":  place in [from 0x2000'0000 to 0x2000'4fff] {
          rw, block CSTACK, block HEAP };
initialize by copy { rw };

  Section            Kind         Address    Size  Object
  -------            ----         -------    ----  ------
"A0":                                        0xec
  .intvec            ro code   0x800'0000    0xec  startup_stm32f103xb.o [1]
                             - 0x800'00ec    0xec

"P1":                                      0x12d0
  .text              ro code   0x800'00ec   0x4d2  stm32f1xx_hal_rcc.o [1]
  .text              ro code   0x800'05be    0x3a  zero_init3.o [3]
  .text              ro code   0x800'05f8     0xc  stm32f1xx_hal.o [1]
  .text              ro code   0x800'0604    0x40  stm32f1xx_hal.o [1]
  .text              ro code   0x800'0644    0xac  stm32f1xx_hal_cortex.o [1]
  .text              ro code   0x800'06f0   0x2c8  stm32f1xx_hal_tim.o [1]
  .text              ro code   0x800'09b8    0xfc  stm32f1xx_hal_msp.o [1]
  .text              ro code   0x800'0ab4   0x1b8  stm32f1xx_hal_gpio.o [1]
  .text              ro code   0x800'0c6c     0x6  ABImemclr4.o [3]
  .text              ro code   0x800'0c74    0x32  ABImemset48.o [3]
  .text              ro code   0x800'0ca8   0x24c  stm32f1xx_hal_adc.o [1]
  .text              ro code   0x800'0ef4   0x158  main.o [1]
  .text              ro code   0x800'104c    0x24  stm32f1xx_hal.o [1]
  .text              ro code   0x800'1070    0x4a  stm32f1xx_hal_tim_ex.o [1]
  .text              ro code   0x800'10bc    0xe8  stm32f1xx_hal_rcc_ex.o [1]
  .text              ro code   0x800'11a4    0x5c  system_stm32f1xx.o [1]
  .text              ro code   0x800'1200    0x2c  copy_init3.o [3]
  .text              ro code   0x800'122c    0x28  data_init.o [3]
  .iar.init_table    const     0x800'1254    0x24  - Linker created -
  .text              ro code   0x800'1278    0x1e  cmain.o [3]
  .text              ro code   0x800'1296     0x4  low_level_init.o [2]
  .text              ro code   0x800'129a     0x4  exit.o [2]
  .text              ro code   0x800'12a0     0xa  cexit.o [3]
  .text              ro code   0x800'12ac    0x14  exit.o [4]
  .text              ro code   0x800'12c0    0x14  stm32f1xx_it.o [1]
  .text              ro code   0x800'12d4    0x10  stm32f1xx_hal.o [1]
  .text              ro code   0x800'12e4    0x10  startup_stm32f103xb.o [1]
  Initializer bytes  const     0x800'12f4    0x10  <for P2-1>
  .text              ro code   0x800'1304     0xc  cstartup_M.o [3]
  .text              ro code   0x800'1310     0x4  startup_stm32f103xb.o [1]
  .text              ro code   0x800'1314     0x4  startup_stm32f103xb.o [1]
  .text              ro code   0x800'1318     0x4  startup_stm32f103xb.o [1]
  .text              ro code   0x800'131c     0x4  startup_stm32f103xb.o [1]
  .text              ro code   0x800'1320     0x4  startup_stm32f103xb.o [1]
  .text              ro code   0x800'1324     0x4  startup_stm32f103xb.o [1]
  .text              ro code   0x800'1328     0x4  startup_stm32f103xb.o [1]
  .text              ro code   0x800'132c     0x4  startup_stm32f103xb.o [1]
  .text              ro code   0x800'1330     0x4  startup_stm32f103xb.o [1]
  .text              ro code   0x800'1334     0x4  startup_stm32f103xb.o [1]
  .text              ro code   0x800'1338     0x4  startup_stm32f103xb.o [1]
  .text              ro code   0x800'133c     0x4  startup_stm32f103xb.o [1]
  .text              ro code   0x800'1340     0x4  startup_stm32f103xb.o [1]
  .text              ro code   0x800'1344     0x4  startup_stm32f103xb.o [1]
  .text              ro code   0x800'1348     0x4  startup_stm32f103xb.o [1]
  .text              ro code   0x800'134c     0x4  startup_stm32f103xb.o [1]
  .text              ro code   0x800'1350     0x4  startup_stm32f103xb.o [1]
  .text              ro code   0x800'1354     0x4  startup_stm32f103xb.o [1]
  .text              ro code   0x800'1358     0x4  startup_stm32f103xb.o [1]
  .text              ro code   0x800'135c     0x4  startup_stm32f103xb.o [1]
  .text              ro code   0x800'1360     0x4  startup_stm32f103xb.o [1]
  .text              ro code   0x800'1364     0x4  startup_stm32f103xb.o [1]
  .text              ro code   0x800'1368     0x4  startup_stm32f103xb.o [1]
  .text              ro code   0x800'136c     0x4  startup_stm32f103xb.o [1]
  .text              ro code   0x800'1370     0x4  startup_stm32f103xb.o [1]
  .text              ro code   0x800'1374     0x4  startup_stm32f103xb.o [1]
  .text              ro code   0x800'1378     0x4  startup_stm32f103xb.o [1]
  .text              ro code   0x800'137c     0x4  startup_stm32f103xb.o [1]
  .text              ro code   0x800'1380     0x4  startup_stm32f103xb.o [1]
  .text              ro code   0x800'1384     0x4  startup_stm32f103xb.o [1]
  .text              ro code   0x800'1388     0x4  startup_stm32f103xb.o [1]
  .text              ro code   0x800'138c     0x4  startup_stm32f103xb.o [1]
  .text              ro code   0x800'1390     0x4  startup_stm32f103xb.o [1]
  .text              ro code   0x800'1394     0x4  startup_stm32f103xb.o [1]
  .text              ro code   0x800'1398     0x4  startup_stm32f103xb.o [1]
  .text              ro code   0x800'139c     0x4  startup_stm32f103xb.o [1]
  .text              ro code   0x800'13a0     0x4  startup_stm32f103xb.o [1]
  .text              ro code   0x800'13a4     0x4  startup_stm32f103xb.o [1]
  .text              ro code   0x800'13a8     0x4  startup_stm32f103xb.o [1]
  .text              ro code   0x800'13ac     0x4  startup_stm32f103xb.o [1]
  .text              ro code   0x800'13b0     0x4  startup_stm32f103xb.o [1]
  .text              ro code   0x800'13b4     0x4  startup_stm32f103xb.o [1]
  .text              ro code   0x800'13b8     0x4  startup_stm32f103xb.o [1]
  .rodata            const     0x800'13bc     0x0  zero_init3.o [3]
  .rodata            const     0x800'13bc     0x0  copy_init3.o [3]
                             - 0x800'13bc  0x12d0

"P2", part 1 of 3:                           0x10
  P2-1                        0x2000'0000    0x10  <Init block>
    .data            inited   0x2000'0000     0xc  stm32f1xx_hal.o [1]
    .data            inited   0x2000'000c     0x4  system_stm32f1xx.o [1]
                            - 0x2000'0010    0x10

"P2", part 2 of 3:                           0x70
  .bss               zero     0x2000'0010    0x70  main.o [1]
                            - 0x2000'0080    0x70

"P2", part 3 of 3:                          0x400
  CSTACK                      0x2000'0080   0x400  <Block>
    CSTACK           uninit   0x2000'0080   0x400  <Block tail>
                            - 0x2000'0480   0x400

Unused ranges:

         From           To      Size
         ----           --      ----
   0x800'13bc   0x801'ffff  0x1'ec44
  0x2000'0480  0x2000'4fff    0x4b80


*******************************************************************************
*** INIT TABLE
***

          Address      Size
          -------      ----
Zero (__iar_zero_init3)
    1 destination range, total size 0x70:
          0x2000'0010  0x70

Copy (__iar_copy_init3)
    1 source range, total size 0x10:
           0x800'12f4  0x10
    1 destination range, total size 0x10:
          0x2000'0000  0x10



*******************************************************************************
*** MODULE SUMMARY
***

    Module                  ro code  ro data  rw data
    ------                  -------  -------  -------
command line/config:
    -------------------------------------------------
    Total:

C:\Users\Maxunm\TshirtPressRebase\Press\EWARM\Press\Obj: [1]
    main.o                      344               112
    startup_stm32f103xb.o       424
    stm32f1xx_hal.o             128       12       12
    stm32f1xx_hal_adc.o         588
    stm32f1xx_hal_cortex.o      172
    stm32f1xx_hal_gpio.o        440
    stm32f1xx_hal_msp.o         252
    stm32f1xx_hal_rcc.o       1 234
    stm32f1xx_hal_rcc_ex.o      232
    stm32f1xx_hal_tim.o         712
    stm32f1xx_hal_tim_ex.o       74
    stm32f1xx_it.o               20
    system_stm32f1xx.o           92        4        4
    -------------------------------------------------
    Total:                    4 712       16      128

dl7M_tlf.a: [2]
    exit.o                        4
    low_level_init.o              4
    -------------------------------------------------
    Total:                        8

rt7M_tl.a: [3]
    ABImemclr4.o                  6
    ABImemset48.o                50
    cexit.o                      10
    cmain.o                      30
    copy_init3.o                 44
    cstartup_M.o                 12
    data_init.o                  40
    zero_init3.o                 58
    -------------------------------------------------
    Total:                      250

shb_l.a: [4]
    exit.o                       20
    -------------------------------------------------
    Total:                       20

    Gaps                         10
    Linker created                        36    1 024
-----------------------------------------------------
    Grand Total:              5 000       52    1 152


*******************************************************************************
*** ENTRY LIST
***

Entry                       Address   Size  Type      Object
-----                       -------   ----  ----      ------
.iar.init_table$$Base    0x800'1254          --   Gb  - Linker created -
.iar.init_table$$Limit   0x800'1278          --   Gb  - Linker created -
?main                    0x800'1279         Code  Gb  cmain.o [3]
ADC_ConversionStop_Disable
                         0x800'0eb1   0x44  Code  Gb  stm32f1xx_hal_adc.o [1]
AHBPrescTable            0x800'11f0   0x10  Data  Gb  system_stm32f1xx.o [1]
BusFault_Handler         0x800'12c7    0x2  Code  Gb  stm32f1xx_it.o [1]
CSTACK$$Base            0x2000'0080          --   Gb  - Linker created -
CSTACK$$Limit           0x2000'0480          --   Gb  - Linker created -
DebugMon_Handler         0x800'12cd    0x2  Code  Gb  stm32f1xx_it.o [1]
HAL_ADC_ConfigChannel    0x800'0d9d   0xe4  Code  Gb  stm32f1xx_hal_adc.o [1]
HAL_ADC_Init             0x800'0ca9   0xf4  Code  Gb  stm32f1xx_hal_adc.o [1]
HAL_ADC_MspInit          0x800'09f3   0x46  Code  Gb  stm32f1xx_hal_msp.o [1]
HAL_GPIO_Init            0x800'0ab5  0x182  Code  Gb  stm32f1xx_hal_gpio.o [1]
HAL_GetTick              0x800'05f9    0xc  Code  Wk  stm32f1xx_hal.o [1]
HAL_IncTick              0x800'12d5   0x10  Code  Wk  stm32f1xx_hal.o [1]
HAL_Init                 0x800'104d   0x20  Code  Gb  stm32f1xx_hal.o [1]
HAL_InitTick             0x800'0605   0x40  Code  Wk  stm32f1xx_hal.o [1]
HAL_MspInit              0x800'09b9   0x3a  Code  Gb  stm32f1xx_hal_msp.o [1]
HAL_NVIC_SetPriority     0x800'0679   0x3a  Code  Gb  stm32f1xx_hal_cortex.o [1]
HAL_NVIC_SetPriorityGrouping
                         0x800'065f   0x1a  Code  Gb  stm32f1xx_hal_cortex.o [1]
HAL_RCCEx_PeriphCLKConfig
                         0x800'10bd   0xda  Code  Gb  stm32f1xx_hal_rcc_ex.o [1]
HAL_RCC_ClockConfig      0x800'0405  0x124  Code  Gb  stm32f1xx_hal_rcc.o [1]
HAL_RCC_GetSysClockFreq
                         0x800'053d   0x42  Code  Gb  stm32f1xx_hal_rcc.o [1]
HAL_RCC_GetSysClockFreq::aPLLMULFactorTable
                         0x800'05ac   0x10  Data  Lc  stm32f1xx_hal_rcc.o [1]
HAL_RCC_GetSysClockFreq::aPredivFactorTable
                         0x800'05bc    0x2  Data  Lc  stm32f1xx_hal_rcc.o [1]
HAL_RCC_OscConfig        0x800'00ed  0x310  Code  Gb  stm32f1xx_hal_rcc.o [1]
HAL_SYSTICK_Config       0x800'06b3   0x28  Code  Gb  stm32f1xx_hal_cortex.o [1]
HAL_TIMEx_MasterConfigSynchronization
                         0x800'1071   0x4a  Code  Gb  stm32f1xx_hal_tim_ex.o [1]
HAL_TIM_MspPostInit      0x800'0a5b   0x34  Code  Gb  stm32f1xx_hal_msp.o [1]
HAL_TIM_PWM_ConfigChannel
                         0x800'072f   0xbc  Code  Gb  stm32f1xx_hal_tim.o [1]
HAL_TIM_PWM_Init         0x800'0705   0x1a  Code  Gb  stm32f1xx_hal_tim.o [1]
HAL_TIM_PWM_MspInit      0x800'0a39   0x22  Code  Gb  stm32f1xx_hal_msp.o [1]
HardFault_Handler        0x800'12c3    0x2  Code  Gb  stm32f1xx_it.o [1]
MemManage_Handler        0x800'12c5    0x2  Code  Gb  stm32f1xx_it.o [1]
NMI_Handler              0x800'12c1    0x2  Code  Gb  stm32f1xx_it.o [1]
NVIC_SetPriority         0x800'0645   0x1a  Code  Lc  stm32f1xx_hal_cortex.o [1]
PendSV_Handler           0x800'12cf    0x2  Code  Gb  stm32f1xx_it.o [1]
Region$$Table$$Base      0x800'1254          --   Gb  - Linker created -
Region$$Table$$Limit     0x800'1278          --   Gb  - Linker created -
SVC_Handler              0x800'12cb    0x2  Code  Gb  stm32f1xx_it.o [1]
SysTick_Handler          0x800'12d1    0x4  Code  Gb  stm32f1xx_it.o [1]
SystemClock_Config       0x800'0fd5   0x6e  Code  Gb  main.o [1]
SystemCoreClock         0x2000'000c    0x4  Data  Gb  system_stm32f1xx.o [1]
SystemInit               0x800'11a5   0x3c  Code  Gb  system_stm32f1xx.o [1]
TIM_Base_SetConfig       0x800'081f   0x5e  Code  Gb  stm32f1xx_hal_tim.o [1]
TIM_OC1_SetConfig        0x800'087d   0x4a  Code  Lc  stm32f1xx_hal_tim.o [1]
TIM_OC2_SetConfig        0x800'08c7   0x52  Code  Gb  stm32f1xx_hal_tim.o [1]
TIM_OC3_SetConfig        0x800'0919   0x50  Code  Lc  stm32f1xx_hal_tim.o [1]
TIM_OC4_SetConfig        0x800'0969   0x40  Code  Lc  stm32f1xx_hal_tim.o [1]
UsageFault_Handler       0x800'12c9    0x2  Code  Gb  stm32f1xx_it.o [1]
__aeabi_memclr4          0x800'0c6d         Code  Gb  ABImemclr4.o [3]
__cmain                  0x800'1279         Code  Gb  cmain.o [3]
__exit                   0x800'12ad   0x14  Code  Gb  exit.o [4]
__iar_Memset4_word       0x800'0c75         Code  Gb  ABImemset48.o [3]
__iar_Memset8_word       0x800'0c75         Code  Gb  ABImemset48.o [3]
__iar_copy_init3         0x800'1201   0x2c  Code  Gb  copy_init3.o [3]
__iar_data_init3         0x800'122d   0x28  Code  Gb  data_init.o [3]
__iar_program_start      0x800'1305         Code  Gb  cstartup_M.o [3]
__iar_zero_init3         0x800'05bf   0x3a  Code  Gb  zero_init3.o [3]
__low_level_init         0x800'1297    0x4  Code  Gb  low_level_init.o [2]
__vector_table           0x800'0000         Data  Gb  startup_stm32f103xb.o [1]
_call_main               0x800'1285         Code  Gb  cmain.o [3]
_exit                    0x800'12a1         Code  Gb  cexit.o [3]
_main                    0x800'1293         Code  Gb  cmain.o [3]
exit                     0x800'129b    0x4  Code  Gb  exit.o [2]
hadc1                   0x2000'0010   0x30  Data  Gb  main.o [1]
htim2                   0x2000'0040   0x40  Data  Gb  main.o [1]
main                     0x800'0ef5   0xd4  Code  Gb  main.o [1]
uwTick                  0x2000'0004    0x4  Data  Gb  stm32f1xx_hal.o [1]
uwTickFreq              0x2000'0000    0x1  Data  Gb  stm32f1xx_hal.o [1]
uwTickPrio              0x2000'0008    0x4  Data  Gb  stm32f1xx_hal.o [1]


[1] = C:\Users\Maxunm\TshirtPressRebase\Press\EWARM\Press\Obj
[2] = dl7M_tlf.a
[3] = rt7M_tl.a
[4] = shb_l.a

  5 000 bytes of readonly  code memory
     52 bytes of readonly  data memory
  1 152 bytes of readwrite data memory

Errors: none
Warnings: none
