###############################################################################
#
# IAR ELF Linker V8.32.2.178/W32 for ARM                  08/Nov/2019  14:58:53
# Copyright 2007-2018 IAR Systems AB.
#
#    Output file  =  
#        C:\Users\Maxunm\Desktop\TShirtPress\EWARM\Press\Exe\Press.out
#    Map file     =  
#        C:\Users\Maxunm\Desktop\TShirtPress\EWARM\Press\List\Press.map
#    Command line =  
#        -f C:\Users\Maxunm\AppData\Local\Temp\EW9FA8.tmp
#        (C:\Users\Maxunm\Desktop\TShirtPress\EWARM\Press\Obj\main.o
#        C:\Users\Maxunm\Desktop\TShirtPress\EWARM\Press\Obj\startup_stm32f429xx.o
#        C:\Users\Maxunm\Desktop\TShirtPress\EWARM\Press\Obj\stm32f4xx_hal.o
#        C:\Users\Maxunm\Desktop\TShirtPress\EWARM\Press\Obj\stm32f4xx_hal_adc.o
#        C:\Users\Maxunm\Desktop\TShirtPress\EWARM\Press\Obj\stm32f4xx_hal_adc_ex.o
#        C:\Users\Maxunm\Desktop\TShirtPress\EWARM\Press\Obj\stm32f4xx_hal_cortex.o
#        C:\Users\Maxunm\Desktop\TShirtPress\EWARM\Press\Obj\stm32f4xx_hal_dma.o
#        C:\Users\Maxunm\Desktop\TShirtPress\EWARM\Press\Obj\stm32f4xx_hal_dma_ex.o
#        C:\Users\Maxunm\Desktop\TShirtPress\EWARM\Press\Obj\stm32f4xx_hal_flash.o
#        C:\Users\Maxunm\Desktop\TShirtPress\EWARM\Press\Obj\stm32f4xx_hal_flash_ex.o
#        C:\Users\Maxunm\Desktop\TShirtPress\EWARM\Press\Obj\stm32f4xx_hal_flash_ramfunc.o
#        C:\Users\Maxunm\Desktop\TShirtPress\EWARM\Press\Obj\stm32f4xx_hal_gpio.o
#        C:\Users\Maxunm\Desktop\TShirtPress\EWARM\Press\Obj\stm32f4xx_hal_msp.o
#        C:\Users\Maxunm\Desktop\TShirtPress\EWARM\Press\Obj\stm32f4xx_hal_pwr.o
#        C:\Users\Maxunm\Desktop\TShirtPress\EWARM\Press\Obj\stm32f4xx_hal_pwr_ex.o
#        C:\Users\Maxunm\Desktop\TShirtPress\EWARM\Press\Obj\stm32f4xx_hal_rcc.o
#        C:\Users\Maxunm\Desktop\TShirtPress\EWARM\Press\Obj\stm32f4xx_hal_rcc_ex.o
#        C:\Users\Maxunm\Desktop\TShirtPress\EWARM\Press\Obj\stm32f4xx_hal_tim.o
#        C:\Users\Maxunm\Desktop\TShirtPress\EWARM\Press\Obj\stm32f4xx_hal_tim_ex.o
#        C:\Users\Maxunm\Desktop\TShirtPress\EWARM\Press\Obj\stm32f4xx_it.o
#        C:\Users\Maxunm\Desktop\TShirtPress\EWARM\Press\Obj\system_stm32f4xx.o
#        --redirect _Printf=_PrintfFull --redirect _Scanf=_ScanfFull
#        --no_out_extension -o
#        C:\Users\Maxunm\Desktop\TShirtPress\EWARM\Press\Exe\Press.out --map
#        C:\Users\Maxunm\Desktop\TShirtPress\EWARM\Press\List\Press.map
#        --config
#        C:\Users\Maxunm\Desktop\TShirtPress\EWARM/stm32f429xx_flash.icf
#        --semihosting --entry __iar_program_start --vfe --text_out locale)
#
###############################################################################

*******************************************************************************
*** RUNTIME MODEL ATTRIBUTES
***

CppFlavor       = *
__SystemLibrary = DLib
__dlib_version  = 6


*******************************************************************************
*** HEAP SELECTION
***

The basic heap was selected because some modules are built with
size limitations (and not runtime checking), and --advanced_heap
was not specified.


*******************************************************************************
*** PLACEMENT SUMMARY
***

"A0":  place at 0x800'0000 { ro section .intvec };
"P1":  place in [from 0x800'0000 to 0x81f'ffff] { ro };
define block CSTACK with size = 1K, alignment = 8 { };
define block HEAP with size = 512, alignment = 8 { };
"P2":  place in [from 0x2000'0000 to 0x2002'ffff] {
          rw, block CSTACK, block HEAP };
initialize by copy { rw };

  Section            Kind         Address    Size  Object
  -------            ----         -------    ----  ------
"A0":                                       0x1ac
  .intvec            ro code   0x800'0000   0x1ac  startup_stm32f429xx.o [1]
                             - 0x800'01ac   0x1ac

"P1":                                      0x217c
  .text              ro code   0x800'01ac   0x4d4  stm32f4xx_hal_adc.o [1]
  .text              ro code   0x800'0680   0x150  stm32f4xx_hal_msp.o [1]
  .text              ro code   0x800'07d0   0x324  main.o [1]
  .text              ro code   0x800'0af4     0x2  stm32f4xx_hal_adc_ex.o [1]
  .text              ro code   0x800'0af6     0x2  stm32f4xx_hal_adc.o [1]
  .text              ro code   0x800'0af8     0x2  stm32f4xx_hal_adc.o [1]
  .text              ro code   0x800'0afa    0x3a  zero_init3.o [4]
  .text              ro code   0x800'0b34   0x1f4  stm32f4xx_hal_gpio.o [1]
  .text              ro code   0x800'0d28    0xc4  stm32f4xx_hal_cortex.o [1]
  .text              ro code   0x800'0dec     0x6  ABImemclr4.o [4]
  .text              ro code   0x800'0df4    0x34  stm32f4xx_hal.o [1]
  .text              ro code   0x800'0e28   0x39c  stm32f4xx_hal_tim.o [1]
  .text              ro code   0x800'11c4    0x4a  stm32f4xx_hal_tim_ex.o [1]
  .text              ro code   0x800'1210   0x2f8  stm32f4xx_hal_rcc.o [1]
  .text              ro code   0x800'1508   0x17c  stm32f4xx_hal_rcc.o [1]
  .text              ro code   0x800'1684    0x48  FltToDbl.o [3]
  .text              ro code   0x800'16cc   0x246  DblDiv.o [3]
  .text              ro code   0x800'1914   0x17a  DblAdd.o [3]
  .text              ro code   0x800'1a90    0xc0  logf.o [3]
  .text              ro code   0x800'1b50    0x22  S32ToDbl.o [3]
  .text              ro code   0x800'1b74   0x1a2  DblMul.o [3]
  .text              ro code   0x800'1d18    0x68  DblToFlt.o [3]
  .text              ro code   0x800'1d80    0x32  ABImemset48.o [4]
  .text              ro code   0x800'1db4    0x40  stm32f4xx_hal.o [1]
  .text              ro code   0x800'1df4     0xc  stm32f4xx_hal.o [1]
  .text              ro code   0x800'1e00   0x106  I64DivMod_small.o [4]
  .text              ro code   0x800'1f08    0xd2  DblSub.o [3]
  .text              ro code   0x800'1fdc     0x2  I64DivZer.o [4]
  .text              ro code   0x800'1fe0    0x60  system_stm32f4xx.o [1]
  .rodata            const     0x800'2040    0x44  logf.o [3]
  .text              ro code   0x800'2084    0x2c  copy_init3.o [4]
  .text              ro code   0x800'20b0    0x28  data_init.o [4]
  .text              ro code   0x800'20d8    0x22  fpinit_M.o [3]
  .iar.init_table    const     0x800'20fc    0x24  - Linker created -
  .text              ro code   0x800'2120    0x20  stm32f4xx_it.o [1]
  .text              ro code   0x800'2140    0x10  stm32f4xx_hal.o [1]
  .text              ro code   0x800'2150    0x1e  cmain.o [4]
  .text              ro code   0x800'216e     0x4  low_level_init.o [2]
  .text              ro code   0x800'2172     0x4  exit.o [2]
  .text              ro code   0x800'2178     0xa  cexit.o [4]
  .text              ro code   0x800'2184    0x14  exit.o [5]
  .text              ro code   0x800'2198    0x10  startup_stm32f429xx.o [1]
  Initializer bytes  const     0x800'21a8    0x10  <for P2-1>
  .text              ro code   0x800'21b8     0xc  cstartup_M.o [4]
  .text              ro code   0x800'21c4     0x4  startup_stm32f429xx.o [1]
  .text              ro code   0x800'21c8     0x4  startup_stm32f429xx.o [1]
  .text              ro code   0x800'21cc     0x4  startup_stm32f429xx.o [1]
  .text              ro code   0x800'21d0     0x4  startup_stm32f429xx.o [1]
  .text              ro code   0x800'21d4     0x4  startup_stm32f429xx.o [1]
  .text              ro code   0x800'21d8     0x4  startup_stm32f429xx.o [1]
  .text              ro code   0x800'21dc     0x4  startup_stm32f429xx.o [1]
  .text              ro code   0x800'21e0     0x4  startup_stm32f429xx.o [1]
  .text              ro code   0x800'21e4     0x4  startup_stm32f429xx.o [1]
  .text              ro code   0x800'21e8     0x4  startup_stm32f429xx.o [1]
  .text              ro code   0x800'21ec     0x4  startup_stm32f429xx.o [1]
  .text              ro code   0x800'21f0     0x4  startup_stm32f429xx.o [1]
  .text              ro code   0x800'21f4     0x4  startup_stm32f429xx.o [1]
  .text              ro code   0x800'21f8     0x4  startup_stm32f429xx.o [1]
  .text              ro code   0x800'21fc     0x4  startup_stm32f429xx.o [1]
  .text              ro code   0x800'2200     0x4  startup_stm32f429xx.o [1]
  .text              ro code   0x800'2204     0x4  startup_stm32f429xx.o [1]
  .text              ro code   0x800'2208     0x4  startup_stm32f429xx.o [1]
  .text              ro code   0x800'220c     0x4  startup_stm32f429xx.o [1]
  .text              ro code   0x800'2210     0x4  startup_stm32f429xx.o [1]
  .text              ro code   0x800'2214     0x4  startup_stm32f429xx.o [1]
  .text              ro code   0x800'2218     0x4  startup_stm32f429xx.o [1]
  .text              ro code   0x800'221c     0x4  startup_stm32f429xx.o [1]
  .text              ro code   0x800'2220     0x4  startup_stm32f429xx.o [1]
  .text              ro code   0x800'2224     0x4  startup_stm32f429xx.o [1]
  .text              ro code   0x800'2228     0x4  startup_stm32f429xx.o [1]
  .text              ro code   0x800'222c     0x4  startup_stm32f429xx.o [1]
  .text              ro code   0x800'2230     0x4  startup_stm32f429xx.o [1]
  .text              ro code   0x800'2234     0x4  startup_stm32f429xx.o [1]
  .text              ro code   0x800'2238     0x4  startup_stm32f429xx.o [1]
  .text              ro code   0x800'223c     0x4  startup_stm32f429xx.o [1]
  .text              ro code   0x800'2240     0x4  startup_stm32f429xx.o [1]
  .text              ro code   0x800'2244     0x4  startup_stm32f429xx.o [1]
  .text              ro code   0x800'2248     0x4  startup_stm32f429xx.o [1]
  .text              ro code   0x800'224c     0x4  startup_stm32f429xx.o [1]
  .text              ro code   0x800'2250     0x4  startup_stm32f429xx.o [1]
  .text              ro code   0x800'2254     0x4  startup_stm32f429xx.o [1]
  .text              ro code   0x800'2258     0x4  startup_stm32f429xx.o [1]
  .text              ro code   0x800'225c     0x4  startup_stm32f429xx.o [1]
  .text              ro code   0x800'2260     0x4  startup_stm32f429xx.o [1]
  .text              ro code   0x800'2264     0x4  startup_stm32f429xx.o [1]
  .text              ro code   0x800'2268     0x4  startup_stm32f429xx.o [1]
  .text              ro code   0x800'226c     0x4  startup_stm32f429xx.o [1]
  .text              ro code   0x800'2270     0x4  startup_stm32f429xx.o [1]
  .text              ro code   0x800'2274     0x4  startup_stm32f429xx.o [1]
  .text              ro code   0x800'2278     0x4  startup_stm32f429xx.o [1]
  .text              ro code   0x800'227c     0x4  startup_stm32f429xx.o [1]
  .text              ro code   0x800'2280     0x4  startup_stm32f429xx.o [1]
  .text              ro code   0x800'2284     0x4  startup_stm32f429xx.o [1]
  .text              ro code   0x800'2288     0x4  startup_stm32f429xx.o [1]
  .text              ro code   0x800'228c     0x4  startup_stm32f429xx.o [1]
  .text              ro code   0x800'2290     0x4  startup_stm32f429xx.o [1]
  .text              ro code   0x800'2294     0x4  startup_stm32f429xx.o [1]
  .text              ro code   0x800'2298     0x4  startup_stm32f429xx.o [1]
  .text              ro code   0x800'229c     0x4  startup_stm32f429xx.o [1]
  .text              ro code   0x800'22a0     0x4  startup_stm32f429xx.o [1]
  .text              ro code   0x800'22a4     0x4  startup_stm32f429xx.o [1]
  .text              ro code   0x800'22a8     0x4  startup_stm32f429xx.o [1]
  .text              ro code   0x800'22ac     0x4  startup_stm32f429xx.o [1]
  .text              ro code   0x800'22b0     0x4  startup_stm32f429xx.o [1]
  .text              ro code   0x800'22b4     0x4  startup_stm32f429xx.o [1]
  .text              ro code   0x800'22b8     0x4  startup_stm32f429xx.o [1]
  .text              ro code   0x800'22bc     0x4  startup_stm32f429xx.o [1]
  .text              ro code   0x800'22c0     0x4  startup_stm32f429xx.o [1]
  .text              ro code   0x800'22c4     0x4  startup_stm32f429xx.o [1]
  .text              ro code   0x800'22c8     0x4  startup_stm32f429xx.o [1]
  .text              ro code   0x800'22cc     0x4  startup_stm32f429xx.o [1]
  .text              ro code   0x800'22d0     0x4  startup_stm32f429xx.o [1]
  .text              ro code   0x800'22d4     0x4  startup_stm32f429xx.o [1]
  .text              ro code   0x800'22d8     0x4  startup_stm32f429xx.o [1]
  .text              ro code   0x800'22dc     0x4  startup_stm32f429xx.o [1]
  .text              ro code   0x800'22e0     0x4  startup_stm32f429xx.o [1]
  .text              ro code   0x800'22e4     0x4  startup_stm32f429xx.o [1]
  .text              ro code   0x800'22e8     0x4  startup_stm32f429xx.o [1]
  .text              ro code   0x800'22ec     0x4  startup_stm32f429xx.o [1]
  .text              ro code   0x800'22f0     0x4  startup_stm32f429xx.o [1]
  .text              ro code   0x800'22f4     0x4  startup_stm32f429xx.o [1]
  .text              ro code   0x800'22f8     0x4  startup_stm32f429xx.o [1]
  .text              ro code   0x800'22fc     0x4  startup_stm32f429xx.o [1]
  .text              ro code   0x800'2300     0x4  startup_stm32f429xx.o [1]
  .text              ro code   0x800'2304     0x4  startup_stm32f429xx.o [1]
  .text              ro code   0x800'2308     0x4  startup_stm32f429xx.o [1]
  .text              ro code   0x800'230c     0x4  startup_stm32f429xx.o [1]
  .text              ro code   0x800'2310     0x4  startup_stm32f429xx.o [1]
  .text              ro code   0x800'2314     0x4  startup_stm32f429xx.o [1]
  .text              ro code   0x800'2318     0x4  startup_stm32f429xx.o [1]
  .text              ro code   0x800'231c     0x4  startup_stm32f429xx.o [1]
  .text              ro code   0x800'2320     0x4  startup_stm32f429xx.o [1]
  .text              ro code   0x800'2324     0x4  startup_stm32f429xx.o [1]
  .rodata            const     0x800'2328     0x0  zero_init3.o [4]
  .rodata            const     0x800'2328     0x0  copy_init3.o [4]
                             - 0x800'2328  0x217c

"P2", part 1 of 3:                           0x10
  P2-1                        0x2000'0000    0x10  <Init block>
    .data            inited   0x2000'0000     0xc  stm32f4xx_hal.o [1]
    .data            inited   0x2000'000c     0x4  system_stm32f4xx.o [1]
                            - 0x2000'0010    0x10

"P2", part 2 of 3:                           0xd0
  .bss               zero     0x2000'0010    0x78  main.o [1]
  .bss               zero     0x2000'0088    0x58  main.o [1]
                            - 0x2000'00e0    0xd0

"P2", part 3 of 3:                          0x400
  CSTACK                      0x2000'00e0   0x400  <Block>
    CSTACK           uninit   0x2000'00e0   0x400  <Block tail>
                            - 0x2000'04e0   0x400

Unused ranges:

         From           To       Size
         ----           --       ----
   0x800'2328   0x81f'ffff  0x1f'dcd8
  0x2000'04e0  0x2002'ffff   0x2'fb20


*******************************************************************************
*** INIT TABLE
***

          Address      Size
          -------      ----
Zero (__iar_zero_init3)
    1 destination range, total size 0xd0:
          0x2000'0010  0xd0

Copy (__iar_copy_init3)
    1 source range, total size 0x10:
           0x800'21a8  0x10
    1 destination range, total size 0x10:
          0x2000'0000  0x10



*******************************************************************************
*** MODULE SUMMARY
***

    Module                  ro code  ro data  rw data
    ------                  -------  -------  -------
command line/config:
    -------------------------------------------------
    Total:

C:\Users\Maxunm\Desktop\TShirtPress\EWARM\Press\Obj: [1]
    main.o                      804               208
    startup_stm32f429xx.o       800
    stm32f4xx_hal.o             144       12       12
    stm32f4xx_hal_adc.o       1 240
    stm32f4xx_hal_adc_ex.o        2
    stm32f4xx_hal_cortex.o      196
    stm32f4xx_hal_gpio.o        500
    stm32f4xx_hal_msp.o         336
    stm32f4xx_hal_rcc.o       1 140
    stm32f4xx_hal_tim.o         924
    stm32f4xx_hal_tim_ex.o       74
    stm32f4xx_it.o               32
    system_stm32f4xx.o           96        4        4
    -------------------------------------------------
    Total:                    6 288       16      224

dl7M_tlf.a: [2]
    exit.o                        4
    low_level_init.o              4
    -------------------------------------------------
    Total:                        8

m7M_tls.a: [3]
    DblAdd.o                    378
    DblDiv.o                    582
    DblMul.o                    418
    DblSub.o                    210
    DblToFlt.o                  104
    FltToDbl.o                   72
    S32ToDbl.o                   34
    fpinit_M.o                   34
    logf.o                      192       68
    -------------------------------------------------
    Total:                    2 024       68

rt7M_tl.a: [4]
    ABImemclr4.o                  6
    ABImemset48.o                50
    I64DivMod_small.o           262
    I64DivZer.o                   2
    cexit.o                      10
    cmain.o                      30
    copy_init3.o                 44
    cstartup_M.o                 12
    data_init.o                  40
    zero_init3.o                 58
    -------------------------------------------------
    Total:                      514

shb_l.a: [5]
    exit.o                       20
    -------------------------------------------------
    Total:                       20

    Gaps                         24        2
    Linker created                        36    1 024
-----------------------------------------------------
    Grand Total:              8 878      122    1 248


*******************************************************************************
*** ENTRY LIST
***

Entry                       Address   Size  Type      Object
-----                       -------   ----  ----      ------
.iar.init_table$$Base    0x800'20fc          --   Gb  - Linker created -
.iar.init_table$$Limit   0x800'2120          --   Gb  - Linker created -
?main                    0x800'2151         Code  Gb  cmain.o [4]
ADC_IRQHandler           0x800'2135    0x6  Code  Gb  stm32f4xx_it.o [1]
ADC_Init                 0x800'056b   0xf4  Code  Lc  stm32f4xx_hal_adc.o [1]
AHBPrescTable            0x800'2030   0x10  Data  Gb  system_stm32f4xx.o [1]
BusFault_Handler         0x800'2127    0x2  Code  Gb  stm32f4xx_it.o [1]
CSTACK$$Base            0x2000'00e0          --   Gb  - Linker created -
CSTACK$$Limit           0x2000'04e0          --   Gb  - Linker created -
DebugMon_Handler         0x800'212d    0x2  Code  Gb  stm32f4xx_it.o [1]
HAL_ADCEx_InjectedConvCpltCallback
                         0x800'0af5    0x2  Code  Wk  stm32f4xx_hal_adc_ex.o [1]
HAL_ADC_ConfigChannel    0x800'0435  0x110  Code  Gb  stm32f4xx_hal_adc.o [1]
HAL_ADC_ConvCpltCallback
                         0x800'09f3   0xa2  Code  Gb  main.o [1]
HAL_ADC_GetValue         0x800'042f    0x6  Code  Gb  stm32f4xx_hal_adc.o [1]
HAL_ADC_IRQHandler       0x800'0303  0x120  Code  Gb  stm32f4xx_hal_adc.o [1]
HAL_ADC_Init             0x800'01ad   0x50  Code  Gb  stm32f4xx_hal_adc.o [1]
HAL_ADC_MspInit          0x800'06b5   0x66  Code  Gb  stm32f4xx_hal_msp.o [1]
HAL_ADC_Start_IT         0x800'01fd   0x62  Code  Gb  stm32f4xx_hal_adc.o [1]
HAL_GPIO_Init            0x800'0b35  0x1b8  Code  Gb  stm32f4xx_hal_gpio.o [1]
HAL_GPIO_WritePin        0x800'0ced    0x8  Code  Gb  stm32f4xx_hal_gpio.o [1]
HAL_GetTick              0x800'1df5    0xc  Code  Wk  stm32f4xx_hal.o [1]
HAL_IncTick              0x800'2141   0x10  Code  Wk  stm32f4xx_hal.o [1]
HAL_Init                 0x800'0df5   0x30  Code  Gb  stm32f4xx_hal.o [1]
HAL_InitTick             0x800'1db5   0x40  Code  Wk  stm32f4xx_hal.o [1]
HAL_MspInit              0x800'0681   0x34  Code  Gb  stm32f4xx_hal_msp.o [1]
HAL_NVIC_EnableIRQ       0x800'0d97    0xa  Code  Gb  stm32f4xx_hal_cortex.o [1]
HAL_NVIC_SetPriority     0x800'0d5d   0x3a  Code  Gb  stm32f4xx_hal_cortex.o [1]
HAL_NVIC_SetPriorityGrouping
                         0x800'0d43   0x1a  Code  Gb  stm32f4xx_hal_cortex.o [1]
HAL_RCC_ClockConfig      0x800'1509   0xfe  Code  Gb  stm32f4xx_hal_rcc.o [1]
HAL_RCC_OscConfig        0x800'1211  0x2f8  Code  Wk  stm32f4xx_hal_rcc.o [1]
HAL_SYSTICK_Config       0x800'0dab   0x28  Code  Gb  stm32f4xx_hal_cortex.o [1]
HAL_TIMEx_MasterConfigSynchronization
                         0x800'11c5   0x4a  Code  Gb  stm32f4xx_hal_tim_ex.o [1]
HAL_TIM_MspPostInit      0x800'0767   0x48  Code  Gb  stm32f4xx_hal_msp.o [1]
HAL_TIM_OC_ConfigChannel
                         0x800'0e7f   0x46  Code  Gb  stm32f4xx_hal_tim.o [1]
HAL_TIM_OC_Init          0x800'0e29   0x18  Code  Gb  stm32f4xx_hal_tim.o [1]
HAL_TIM_OC_MspInit       0x800'071b   0x26  Code  Gb  stm32f4xx_hal_msp.o [1]
HAL_TIM_PWM_ConfigChannel
                         0x800'0ec5   0xbc  Code  Gb  stm32f4xx_hal_tim.o [1]
HAL_TIM_PWM_Init         0x800'0e55   0x1a  Code  Gb  stm32f4xx_hal_tim.o [1]
HAL_TIM_PWM_MspInit      0x800'0741   0x26  Code  Gb  stm32f4xx_hal_msp.o [1]
HardFault_Handler        0x800'2123    0x2  Code  Gb  stm32f4xx_it.o [1]
MemManage_Handler        0x800'2125    0x2  Code  Gb  stm32f4xx_it.o [1]
NMI_Handler              0x800'2121    0x2  Code  Gb  stm32f4xx_it.o [1]
NVIC_SetPriority         0x800'0d29   0x1a  Code  Lc  stm32f4xx_hal_cortex.o [1]
PendSV_Handler           0x800'212f    0x2  Code  Gb  stm32f4xx_it.o [1]
Region$$Table$$Base      0x800'20fc          --   Gb  - Linker created -
Region$$Table$$Limit     0x800'2120          --   Gb  - Linker created -
SVC_Handler              0x800'212b    0x2  Code  Gb  stm32f4xx_it.o [1]
SysTick_Handler          0x800'2131    0x4  Code  Gb  stm32f4xx_it.o [1]
SystemClock_Config       0x800'095d   0x96  Code  Gb  main.o [1]
SystemCoreClock         0x2000'000c    0x4  Data  Gb  system_stm32f4xx.o [1]
SystemInit               0x800'1fe1   0x3a  Code  Gb  system_stm32f4xx.o [1]
TIM_Base_SetConfig       0x800'0fc1   0x8e  Code  Gb  stm32f4xx_hal_tim.o [1]
TIM_OC1_SetConfig        0x800'10ab   0x50  Code  Lc  stm32f4xx_hal_tim.o [1]
TIM_OC2_SetConfig        0x800'1051   0x58  Code  Gb  stm32f4xx_hal_tim.o [1]
TIM_OC3_SetConfig        0x800'10fb   0x56  Code  Lc  stm32f4xx_hal_tim.o [1]
TIM_OC4_SetConfig        0x800'1151   0x46  Code  Lc  stm32f4xx_hal_tim.o [1]
UsageFault_Handler       0x800'2129    0x2  Code  Gb  stm32f4xx_it.o [1]
__aeabi_d2f              0x800'1d19         Code  Gb  DblToFlt.o [3]
__aeabi_dadd             0x800'1915         Code  Gb  DblAdd.o [3]
__aeabi_ddiv             0x800'16cd         Code  Gb  DblDiv.o [3]
__aeabi_dmul             0x800'1b75         Code  Gb  DblMul.o [3]
__aeabi_f2d              0x800'1685         Code  Gb  FltToDbl.o [3]
__aeabi_i2d              0x800'1b51         Code  Gb  S32ToDbl.o [3]
__aeabi_ldiv0            0x800'1fdd         Code  Gb  I64DivZer.o [4]
__aeabi_memclr4          0x800'0ded         Code  Gb  ABImemclr4.o [4]
__cmain                  0x800'2151         Code  Gb  cmain.o [4]
__exit                   0x800'2185   0x14  Code  Gb  exit.o [5]
__iar_Memset4_word       0x800'1d81         Code  Gb  ABImemset48.o [4]
__iar_Memset8_word       0x800'1d81         Code  Gb  ABImemset48.o [4]
__iar_copy_init3         0x800'2085   0x2c  Code  Gb  copy_init3.o [4]
__iar_dadd               0x800'1f09         Code  Gb  DblSub.o [3]
__iar_data_init3         0x800'20b1   0x28  Code  Gb  data_init.o [4]
__iar_dsub               0x800'1925         Code  Gb  DblAdd.o [3]
__iar_dsubStart          0x800'1937         Code  Gb  DblAdd.o [3]
__iar_init_vfp           0x800'20d9         Code  Gb  fpinit_M.o [3]
__iar_log32              0x800'1a91         Code  Gb  logf.o [3]
__iar_log_medium32       0x800'1a91         Code  Gb  logf.o [3]
__iar_log_mediumf        0x800'1a91         Code  Gb  logf.o [3]
__iar_logf_NoFini        0x800'1b29         Code  Gb  logf.o [3]
__iar_logf_ZerNeg        0x800'1b3d         Code  Gb  logf.o [3]
__iar_logf_cTab          0x800'2040         Data  Gb  logf.o [3]
__iar_program_start      0x800'21b9         Code  Gb  cstartup_M.o [4]
__iar_safe_logf          0x800'1ab1         Code  Gb  logf.o [3]
__iar_small_uldivmod     0x800'1e01         Code  Gb  I64DivMod_small.o [4]
__iar_zero_init3         0x800'0afb   0x3a  Code  Gb  zero_init3.o [4]
__low_level_init         0x800'216f    0x4  Code  Gb  low_level_init.o [2]
__vector_table           0x800'0000         Data  Gb  startup_stm32f429xx.o [1]
_call_main               0x800'215d         Code  Gb  cmain.o [4]
_exit                    0x800'2179         Code  Gb  cexit.o [4]
_main                    0x800'216b         Code  Gb  cmain.o [4]
exit                     0x800'2173    0x4  Code  Gb  exit.o [2]
hadc2                   0x2000'0088   0x48  Data  Gb  main.o [1]
htim2                   0x2000'0010   0x3c  Data  Gb  main.o [1]
htim4                   0x2000'004c   0x3c  Data  Gb  main.o [1]
logf                     0x800'1a91         Code  Gb  logf.o [3]
main                     0x800'07d1  0x180  Code  Gb  main.o [1]
tempC                   0x2000'00d8    0x4  Data  Gb  main.o [1]
tempF                   0x2000'00dc    0x4  Data  Gb  main.o [1]
tempK                   0x2000'00d4    0x4  Data  Gb  main.o [1]
tempValue               0x2000'00d0    0x4  Data  Gb  main.o [1]
uwTick                  0x2000'0004    0x4  Data  Gb  stm32f4xx_hal.o [1]
uwTickFreq              0x2000'0000    0x1  Data  Gb  stm32f4xx_hal.o [1]
uwTickPrio              0x2000'0008    0x4  Data  Gb  stm32f4xx_hal.o [1]


[1] = C:\Users\Maxunm\Desktop\TShirtPress\EWARM\Press\Obj
[2] = dl7M_tlf.a
[3] = m7M_tls.a
[4] = rt7M_tl.a
[5] = shb_l.a

  8 878 bytes of readonly  code memory
    122 bytes of readonly  data memory
  1 248 bytes of readwrite data memory

Errors: none
Warnings: none
