###############################################################################
#
# IAR ELF Linker V8.40.2.214/W32 for ARM                  08/Nov/2019  12:12:08
# Copyright 2007-2019 IAR Systems AB.
#
#    Output file  =
#        C:\Users\maxunm\Desktop\TShirtPress\EWARM\Press\Exe\Press.out
#    Map file     =
#        C:\Users\maxunm\Desktop\TShirtPress\EWARM\Press\List\Press.map
#    Command line =
#        -f C:\Users\maxunm\AppData\Local\Temp\EW1F62.tmp
#        (C:\Users\maxunm\Desktop\TShirtPress\EWARM\Press\Obj\main.o
#        C:\Users\maxunm\Desktop\TShirtPress\EWARM\Press\Obj\startup_stm32f429xx.o
#        C:\Users\maxunm\Desktop\TShirtPress\EWARM\Press\Obj\stm32f4xx_hal.o
#        C:\Users\maxunm\Desktop\TShirtPress\EWARM\Press\Obj\stm32f4xx_hal_adc.o
#        C:\Users\maxunm\Desktop\TShirtPress\EWARM\Press\Obj\stm32f4xx_hal_adc_ex.o
#        C:\Users\maxunm\Desktop\TShirtPress\EWARM\Press\Obj\stm32f4xx_hal_cortex.o
#        C:\Users\maxunm\Desktop\TShirtPress\EWARM\Press\Obj\stm32f4xx_hal_dma.o
#        C:\Users\maxunm\Desktop\TShirtPress\EWARM\Press\Obj\stm32f4xx_hal_dma_ex.o
#        C:\Users\maxunm\Desktop\TShirtPress\EWARM\Press\Obj\stm32f4xx_hal_flash.o
#        C:\Users\maxunm\Desktop\TShirtPress\EWARM\Press\Obj\stm32f4xx_hal_flash_ex.o
#        C:\Users\maxunm\Desktop\TShirtPress\EWARM\Press\Obj\stm32f4xx_hal_flash_ramfunc.o
#        C:\Users\maxunm\Desktop\TShirtPress\EWARM\Press\Obj\stm32f4xx_hal_gpio.o
#        C:\Users\maxunm\Desktop\TShirtPress\EWARM\Press\Obj\stm32f4xx_hal_msp.o
#        C:\Users\maxunm\Desktop\TShirtPress\EWARM\Press\Obj\stm32f4xx_hal_pwr.o
#        C:\Users\maxunm\Desktop\TShirtPress\EWARM\Press\Obj\stm32f4xx_hal_pwr_ex.o
#        C:\Users\maxunm\Desktop\TShirtPress\EWARM\Press\Obj\stm32f4xx_hal_rcc.o
#        C:\Users\maxunm\Desktop\TShirtPress\EWARM\Press\Obj\stm32f4xx_hal_rcc_ex.o
#        C:\Users\maxunm\Desktop\TShirtPress\EWARM\Press\Obj\stm32f4xx_hal_tim.o
#        C:\Users\maxunm\Desktop\TShirtPress\EWARM\Press\Obj\stm32f4xx_hal_tim_ex.o
#        C:\Users\maxunm\Desktop\TShirtPress\EWARM\Press\Obj\stm32f4xx_it.o
#        C:\Users\maxunm\Desktop\TShirtPress\EWARM\Press\Obj\system_stm32f4xx.o
#        --redirect _Printf=_PrintfFull --redirect _Scanf=_ScanfFull
#        --no_out_extension -o
#        C:\Users\maxunm\Desktop\TShirtPress\EWARM\Press\Exe\Press.out --map
#        C:\Users\maxunm\Desktop\TShirtPress\EWARM\Press\List\Press.map
#        --config
#        C:\Users\maxunm\Desktop\TShirtPress\EWARM/stm32f429xx_flash.icf
#        --semihosting --entry __iar_program_start --vfe --text_out locale)
#
###############################################################################

*******************************************************************************
*** RUNTIME MODEL ATTRIBUTES
***

CppFlavor       = *
__SystemLibrary = DLib
__dlib_version  = 6


*******************************************************************************
*** HEAP SELECTION
***

The basic heap was selected because some modules are built with
size limitations (and not runtime checking), and --advanced_heap
was not specified.


*******************************************************************************
*** PLACEMENT SUMMARY
***

"A0":  place at address 0x800'0000 { ro section .intvec };
"P1":  place in [from 0x800'0000 to 0x81f'ffff] { ro };
define block CSTACK with size = 1K, alignment = 8 { };
define block HEAP with size = 512, alignment = 8 { };
"P2":  place in [from 0x2000'0000 to 0x2002'ffff] {
          rw, block CSTACK, block HEAP };
initialize by copy { rw };

  Section            Kind         Address    Size  Object
  -------            ----         -------    ----  ------
"A0":                                       0x1ac
  .intvec            ro code   0x800'0000   0x1ac  startup_stm32f429xx.o [1]
                             - 0x800'01ac   0x1ac

"P1":                                      0x20c0
  .text              ro code   0x800'01ac   0x4f8  stm32f4xx_hal_adc.o [1]
  .text              ro code   0x800'06a4   0x12c  stm32f4xx_hal_msp.o [1]
  .text              ro code   0x800'07d0   0x2d0  main.o [1]
  .text              ro code   0x800'0aa0     0x2  stm32f4xx_hal_adc_ex.o [1]
  .text              ro code   0x800'0aa2     0x2  stm32f4xx_hal_adc.o [1]
  .text              ro code   0x800'0aa4     0x2  stm32f4xx_hal_adc.o [1]
  .text              ro code   0x800'0aa6    0x3a  zero_init3.o [4]
  .text              ro code   0x800'0ae0   0x204  stm32f4xx_hal_gpio.o [1]
  .text              ro code   0x800'0ce4    0xc4  stm32f4xx_hal_cortex.o [1]
  .text              ro code   0x800'0da8    0x14  memset.o [4]
  .text              ro code   0x800'0dbc    0x34  stm32f4xx_hal.o [1]
  .text              ro code   0x800'0df0   0x330  stm32f4xx_hal_tim.o [1]
  .text              ro code   0x800'1120    0x4a  stm32f4xx_hal_tim_ex.o [1]
  .text              ro code   0x800'116a    0x2e  copy_init3.o [4]
  .text              ro code   0x800'1198   0x2d0  stm32f4xx_hal_rcc.o [1]
  .text              ro code   0x800'1468   0x17c  stm32f4xx_hal_rcc.o [1]
  .text              ro code   0x800'15e4    0x48  FltToDbl.o [3]
  .text              ro code   0x800'162c   0x246  DblDiv.o [3]
  .text              ro code   0x800'1874   0x17a  DblAdd.o [3]
  .text              ro code   0x800'19f0    0x68  DblToFlt.o [3]
  .text              ro code   0x800'1a58    0xc0  logf.o [3]
  .text              ro code   0x800'1b18   0x1a2  DblMul.o [3]
  .text              ro code   0x800'1cbc    0x66  ABImemset.o [4]
  .text              ro code   0x800'1d24    0x40  stm32f4xx_hal.o [1]
  .text              ro code   0x800'1d64     0xc  stm32f4xx_hal.o [1]
  .text              ro code   0x800'1d70   0x106  I64DivMod_small.o [4]
  .text              ro code   0x800'1e78    0xd2  DblSub.o [3]
  .text              ro code   0x800'1f4c     0x2  I64DivZer.o [4]
  .text              ro code   0x800'1f50    0x60  system_stm32f4xx.o [1]
  .rodata            const     0x800'1fb0    0x44  logf.o [3]
  .text              ro code   0x800'1ff4    0x28  data_init.o [4]
  .text              ro code   0x800'201c    0x22  fpinit_M.o [3]
  .iar.init_table    const     0x800'2040    0x24  - Linker created -
  .text              ro code   0x800'2064    0x20  stm32f4xx_it.o [1]
  .text              ro code   0x800'2084    0x10  stm32f4xx_hal.o [1]
  .text              ro code   0x800'2094    0x1e  cmain.o [4]
  .text              ro code   0x800'20b2     0x4  low_level_init.o [2]
  .text              ro code   0x800'20b6     0x4  exit.o [2]
  .text              ro code   0x800'20bc     0xa  cexit.o [4]
  .text              ro code   0x800'20c8    0x14  exit.o [5]
  .text              ro code   0x800'20dc    0x10  startup_stm32f429xx.o [1]
  Initializer bytes  const     0x800'20ec    0x10  <for P2-1>
  .text              ro code   0x800'20fc     0xc  cstartup_M.o [4]
  .text              ro code   0x800'2108     0x4  startup_stm32f429xx.o [1]
  .text              ro code   0x800'210c     0x4  startup_stm32f429xx.o [1]
  .text              ro code   0x800'2110     0x4  startup_stm32f429xx.o [1]
  .text              ro code   0x800'2114     0x4  startup_stm32f429xx.o [1]
  .text              ro code   0x800'2118     0x4  startup_stm32f429xx.o [1]
  .text              ro code   0x800'211c     0x4  startup_stm32f429xx.o [1]
  .text              ro code   0x800'2120     0x4  startup_stm32f429xx.o [1]
  .text              ro code   0x800'2124     0x4  startup_stm32f429xx.o [1]
  .text              ro code   0x800'2128     0x4  startup_stm32f429xx.o [1]
  .text              ro code   0x800'212c     0x4  startup_stm32f429xx.o [1]
  .text              ro code   0x800'2130     0x4  startup_stm32f429xx.o [1]
  .text              ro code   0x800'2134     0x4  startup_stm32f429xx.o [1]
  .text              ro code   0x800'2138     0x4  startup_stm32f429xx.o [1]
  .text              ro code   0x800'213c     0x4  startup_stm32f429xx.o [1]
  .text              ro code   0x800'2140     0x4  startup_stm32f429xx.o [1]
  .text              ro code   0x800'2144     0x4  startup_stm32f429xx.o [1]
  .text              ro code   0x800'2148     0x4  startup_stm32f429xx.o [1]
  .text              ro code   0x800'214c     0x4  startup_stm32f429xx.o [1]
  .text              ro code   0x800'2150     0x4  startup_stm32f429xx.o [1]
  .text              ro code   0x800'2154     0x4  startup_stm32f429xx.o [1]
  .text              ro code   0x800'2158     0x4  startup_stm32f429xx.o [1]
  .text              ro code   0x800'215c     0x4  startup_stm32f429xx.o [1]
  .text              ro code   0x800'2160     0x4  startup_stm32f429xx.o [1]
  .text              ro code   0x800'2164     0x4  startup_stm32f429xx.o [1]
  .text              ro code   0x800'2168     0x4  startup_stm32f429xx.o [1]
  .text              ro code   0x800'216c     0x4  startup_stm32f429xx.o [1]
  .text              ro code   0x800'2170     0x4  startup_stm32f429xx.o [1]
  .text              ro code   0x800'2174     0x4  startup_stm32f429xx.o [1]
  .text              ro code   0x800'2178     0x4  startup_stm32f429xx.o [1]
  .text              ro code   0x800'217c     0x4  startup_stm32f429xx.o [1]
  .text              ro code   0x800'2180     0x4  startup_stm32f429xx.o [1]
  .text              ro code   0x800'2184     0x4  startup_stm32f429xx.o [1]
  .text              ro code   0x800'2188     0x4  startup_stm32f429xx.o [1]
  .text              ro code   0x800'218c     0x4  startup_stm32f429xx.o [1]
  .text              ro code   0x800'2190     0x4  startup_stm32f429xx.o [1]
  .text              ro code   0x800'2194     0x4  startup_stm32f429xx.o [1]
  .text              ro code   0x800'2198     0x4  startup_stm32f429xx.o [1]
  .text              ro code   0x800'219c     0x4  startup_stm32f429xx.o [1]
  .text              ro code   0x800'21a0     0x4  startup_stm32f429xx.o [1]
  .text              ro code   0x800'21a4     0x4  startup_stm32f429xx.o [1]
  .text              ro code   0x800'21a8     0x4  startup_stm32f429xx.o [1]
  .text              ro code   0x800'21ac     0x4  startup_stm32f429xx.o [1]
  .text              ro code   0x800'21b0     0x4  startup_stm32f429xx.o [1]
  .text              ro code   0x800'21b4     0x4  startup_stm32f429xx.o [1]
  .text              ro code   0x800'21b8     0x4  startup_stm32f429xx.o [1]
  .text              ro code   0x800'21bc     0x4  startup_stm32f429xx.o [1]
  .text              ro code   0x800'21c0     0x4  startup_stm32f429xx.o [1]
  .text              ro code   0x800'21c4     0x4  startup_stm32f429xx.o [1]
  .text              ro code   0x800'21c8     0x4  startup_stm32f429xx.o [1]
  .text              ro code   0x800'21cc     0x4  startup_stm32f429xx.o [1]
  .text              ro code   0x800'21d0     0x4  startup_stm32f429xx.o [1]
  .text              ro code   0x800'21d4     0x4  startup_stm32f429xx.o [1]
  .text              ro code   0x800'21d8     0x4  startup_stm32f429xx.o [1]
  .text              ro code   0x800'21dc     0x4  startup_stm32f429xx.o [1]
  .text              ro code   0x800'21e0     0x4  startup_stm32f429xx.o [1]
  .text              ro code   0x800'21e4     0x4  startup_stm32f429xx.o [1]
  .text              ro code   0x800'21e8     0x4  startup_stm32f429xx.o [1]
  .text              ro code   0x800'21ec     0x4  startup_stm32f429xx.o [1]
  .text              ro code   0x800'21f0     0x4  startup_stm32f429xx.o [1]
  .text              ro code   0x800'21f4     0x4  startup_stm32f429xx.o [1]
  .text              ro code   0x800'21f8     0x4  startup_stm32f429xx.o [1]
  .text              ro code   0x800'21fc     0x4  startup_stm32f429xx.o [1]
  .text              ro code   0x800'2200     0x4  startup_stm32f429xx.o [1]
  .text              ro code   0x800'2204     0x4  startup_stm32f429xx.o [1]
  .text              ro code   0x800'2208     0x4  startup_stm32f429xx.o [1]
  .text              ro code   0x800'220c     0x4  startup_stm32f429xx.o [1]
  .text              ro code   0x800'2210     0x4  startup_stm32f429xx.o [1]
  .text              ro code   0x800'2214     0x4  startup_stm32f429xx.o [1]
  .text              ro code   0x800'2218     0x4  startup_stm32f429xx.o [1]
  .text              ro code   0x800'221c     0x4  startup_stm32f429xx.o [1]
  .text              ro code   0x800'2220     0x4  startup_stm32f429xx.o [1]
  .text              ro code   0x800'2224     0x4  startup_stm32f429xx.o [1]
  .text              ro code   0x800'2228     0x4  startup_stm32f429xx.o [1]
  .text              ro code   0x800'222c     0x4  startup_stm32f429xx.o [1]
  .text              ro code   0x800'2230     0x4  startup_stm32f429xx.o [1]
  .text              ro code   0x800'2234     0x4  startup_stm32f429xx.o [1]
  .text              ro code   0x800'2238     0x4  startup_stm32f429xx.o [1]
  .text              ro code   0x800'223c     0x4  startup_stm32f429xx.o [1]
  .text              ro code   0x800'2240     0x4  startup_stm32f429xx.o [1]
  .text              ro code   0x800'2244     0x4  startup_stm32f429xx.o [1]
  .text              ro code   0x800'2248     0x4  startup_stm32f429xx.o [1]
  .text              ro code   0x800'224c     0x4  startup_stm32f429xx.o [1]
  .text              ro code   0x800'2250     0x4  startup_stm32f429xx.o [1]
  .text              ro code   0x800'2254     0x4  startup_stm32f429xx.o [1]
  .text              ro code   0x800'2258     0x4  startup_stm32f429xx.o [1]
  .text              ro code   0x800'225c     0x4  startup_stm32f429xx.o [1]
  .text              ro code   0x800'2260     0x4  startup_stm32f429xx.o [1]
  .text              ro code   0x800'2264     0x4  startup_stm32f429xx.o [1]
  .text              ro code   0x800'2268     0x4  startup_stm32f429xx.o [1]
  .rodata            const     0x800'226c     0x0  zero_init3.o [4]
  .rodata            const     0x800'226c     0x0  copy_init3.o [4]
                             - 0x800'226c  0x20c0

"P2", part 1 of 3:                           0x10
  P2-1                        0x2000'0000    0x10  <Init block>
    .data            inited   0x2000'0000     0xc  stm32f4xx_hal.o [1]
    .data            inited   0x2000'000c     0x4  system_stm32f4xx.o [1]
                            - 0x2000'0010    0x10

"P2", part 2 of 3:                           0x94
  .bss               zero     0x2000'0010    0x58  main.o [1]
  .bss               zero     0x2000'0068    0x3c  main.o [1]
                            - 0x2000'00a4    0x94

"P2", part 3 of 3:                          0x400
  CSTACK                      0x2000'00a8   0x400  <Block>
    CSTACK           uninit   0x2000'00a8   0x400  <Block tail>
                            - 0x2000'04a8   0x400

Unused ranges:

         From           To       Size
         ----           --       ----
   0x800'226c   0x81f'ffff  0x1f'dd94
  0x2000'00a4  0x2000'00a7        0x4
  0x2000'04a8  0x2002'ffff   0x2'fb58


*******************************************************************************
*** INIT TABLE
***

          Address      Size
          -------      ----
Zero (__iar_zero_init3)
    1 destination range, total size 0x94:
          0x2000'0010  0x94

Copy (__iar_copy_init3)
    1 source range, total size 0x10:
           0x800'20ec  0x10
    1 destination range, total size 0x10:
          0x2000'0000  0x10



*******************************************************************************
*** MODULE SUMMARY
***

    Module                  ro code  ro data  rw data
    ------                  -------  -------  -------
command line/config:
    -------------------------------------------------
    Total:

C:\Users\maxunm\Desktop\TShirtPress\EWARM\Press\Obj: [1]
    main.o                      720               148
    startup_stm32f429xx.o       800
    stm32f4xx_hal.o             144       12       12
    stm32f4xx_hal_adc.o       1'276
    stm32f4xx_hal_adc_ex.o        2
    stm32f4xx_hal_cortex.o      196
    stm32f4xx_hal_gpio.o        516
    stm32f4xx_hal_msp.o         300
    stm32f4xx_hal_rcc.o       1'100
    stm32f4xx_hal_tim.o         816
    stm32f4xx_hal_tim_ex.o       74
    stm32f4xx_it.o               32
    system_stm32f4xx.o           96        4        4
    -------------------------------------------------
    Total:                    6'072       16      164

dl7M_tlf.a: [2]
    exit.o                        4
    low_level_init.o              4
    -------------------------------------------------
    Total:                        8

m7M_tls.a: [3]
    DblAdd.o                    378
    DblDiv.o                    582
    DblMul.o                    418
    DblSub.o                    210
    DblToFlt.o                  104
    FltToDbl.o                   72
    fpinit_M.o                   34
    logf.o                      192       68
    -------------------------------------------------
    Total:                    1'990       68

rt7M_tl.a: [4]
    ABImemset.o                 102
    I64DivMod_small.o           262
    I64DivZer.o                   2
    cexit.o                      10
    cmain.o                      30
    copy_init3.o                 46
    cstartup_M.o                 12
    data_init.o                  40
    memset.o                     20
    zero_init3.o                 58
    -------------------------------------------------
    Total:                      582

shb_l.a: [5]
    exit.o                       20
    -------------------------------------------------
    Total:                       20

    Gaps                         18        2
    Linker created                        36    1'024
-----------------------------------------------------
    Grand Total:              8'690      122    1'188


*******************************************************************************
*** ENTRY LIST
***

Entry                       Address   Size  Type      Object
-----                       -------   ----  ----      ------
.iar.init_table$$Base    0x800'2040          --   Gb  - Linker created -
.iar.init_table$$Limit   0x800'2064          --   Gb  - Linker created -
?main                    0x800'2095         Code  Gb  cmain.o [4]
ADC_IRQHandler           0x800'2079    0x6  Code  Gb  stm32f4xx_it.o [1]
AHBPrescTable            0x800'1fa0   0x10  Data  Gb  system_stm32f4xx.o [1]
BusFault_Handler         0x800'206b    0x2  Code  Gb  stm32f4xx_it.o [1]
CSTACK$$Base            0x2000'00a8          --   Gb  - Linker created -
CSTACK$$Limit           0x2000'04a8          --   Gb  - Linker created -
DebugMon_Handler         0x800'2071    0x2  Code  Gb  stm32f4xx_it.o [1]
HAL_ADCEx_InjectedConvCpltCallback
                         0x800'0aa1    0x2  Code  Wk  stm32f4xx_hal_adc_ex.o [1]
HAL_ADC_ConfigChannel    0x800'054b  0x112  Code  Gb  stm32f4xx_hal_adc.o [1]
HAL_ADC_ConvCpltCallback
                         0x800'09a3   0xae  Code  Gb  main.o [1]
HAL_ADC_GetValue         0x800'0545    0x6  Code  Gb  stm32f4xx_hal_adc.o [1]
HAL_ADC_IRQHandler       0x800'0419  0x120  Code  Gb  stm32f4xx_hal_adc.o [1]
HAL_ADC_Init             0x800'01ad  0x152  Code  Gb  stm32f4xx_hal_adc.o [1]
HAL_ADC_MspInit          0x800'06d9   0x64  Code  Gb  stm32f4xx_hal_msp.o [1]
HAL_ADC_Start_IT         0x800'0321   0x62  Code  Gb  stm32f4xx_hal_adc.o [1]
HAL_GPIO_Init            0x800'0ae1  0x1c6  Code  Gb  stm32f4xx_hal_gpio.o [1]
HAL_GPIO_WritePin        0x800'0ca7    0x8  Code  Gb  stm32f4xx_hal_gpio.o [1]
HAL_GetTick              0x800'1d65    0xc  Code  Wk  stm32f4xx_hal.o [1]
HAL_IncTick              0x800'2085   0x10  Code  Wk  stm32f4xx_hal.o [1]
HAL_Init                 0x800'0dbd   0x30  Code  Gb  stm32f4xx_hal.o [1]
HAL_InitTick             0x800'1d25   0x40  Code  Wk  stm32f4xx_hal.o [1]
HAL_MspInit              0x800'06a5   0x34  Code  Gb  stm32f4xx_hal_msp.o [1]
HAL_NVIC_EnableIRQ       0x800'0d53    0xa  Code  Gb  stm32f4xx_hal_cortex.o [1]
HAL_NVIC_SetPriority     0x800'0d19   0x3a  Code  Gb  stm32f4xx_hal_cortex.o [1]
HAL_NVIC_SetPriorityGrouping
                         0x800'0cff   0x1a  Code  Gb  stm32f4xx_hal_cortex.o [1]
HAL_RCC_ClockConfig      0x800'1469   0xfe  Code  Gb  stm32f4xx_hal_rcc.o [1]
HAL_RCC_OscConfig        0x800'1199  0x2d0  Code  Wk  stm32f4xx_hal_rcc.o [1]
HAL_SYSTICK_Config       0x800'0d67   0x28  Code  Gb  stm32f4xx_hal_cortex.o [1]
HAL_TIMEx_MasterConfigSynchronization
                         0x800'1121   0x4a  Code  Gb  stm32f4xx_hal_tim_ex.o [1]
HAL_TIM_MspPostInit      0x800'0763   0x48  Code  Gb  stm32f4xx_hal_msp.o [1]
HAL_TIM_PWM_ConfigChannel
                         0x800'0e2f   0xbc  Code  Gb  stm32f4xx_hal_tim.o [1]
HAL_TIM_PWM_Init         0x800'0e05   0x1a  Code  Gb  stm32f4xx_hal_tim.o [1]
HAL_TIM_PWM_MspInit      0x800'073d   0x26  Code  Gb  stm32f4xx_hal_msp.o [1]
HardFault_Handler        0x800'2067    0x2  Code  Gb  stm32f4xx_it.o [1]
MemManage_Handler        0x800'2069    0x2  Code  Gb  stm32f4xx_it.o [1]
NMI_Handler              0x800'2065    0x2  Code  Gb  stm32f4xx_it.o [1]
NVIC_SetPriority         0x800'0ce5   0x1a  Code  Lc  stm32f4xx_hal_cortex.o [1]
PendSV_Handler           0x800'2073    0x2  Code  Gb  stm32f4xx_it.o [1]
Region$$Table$$Base      0x800'2040          --   Gb  - Linker created -
Region$$Table$$Limit     0x800'2064          --   Gb  - Linker created -
SVC_Handler              0x800'206f    0x2  Code  Gb  stm32f4xx_it.o [1]
SysTick_Handler          0x800'2075    0x4  Code  Gb  stm32f4xx_it.o [1]
SystemClock_Config       0x800'0905   0x94  Code  Gb  main.o [1]
SystemCoreClock         0x2000'000c    0x4  Data  Gb  system_stm32f4xx.o [1]
SystemInit               0x800'1f51   0x3a  Code  Gb  system_stm32f4xx.o [1]
TIM_Base_SetConfig       0x800'0f1f   0x8e  Code  Gb  stm32f4xx_hal_tim.o [1]
TIM_OC1_SetConfig        0x800'1009   0x50  Code  Lc  stm32f4xx_hal_tim.o [1]
TIM_OC2_SetConfig        0x800'0faf   0x58  Code  Gb  stm32f4xx_hal_tim.o [1]
TIM_OC3_SetConfig        0x800'1059   0x56  Code  Lc  stm32f4xx_hal_tim.o [1]
TIM_OC4_SetConfig        0x800'10af   0x46  Code  Lc  stm32f4xx_hal_tim.o [1]
UsageFault_Handler       0x800'206d    0x2  Code  Gb  stm32f4xx_it.o [1]
__aeabi_d2f              0x800'19f1         Code  Gb  DblToFlt.o [3]
__aeabi_dadd             0x800'1875         Code  Gb  DblAdd.o [3]
__aeabi_ddiv             0x800'162d         Code  Gb  DblDiv.o [3]
__aeabi_dmul             0x800'1b19         Code  Gb  DblMul.o [3]
__aeabi_f2d              0x800'15e5         Code  Gb  FltToDbl.o [3]
__aeabi_ldiv0            0x800'1f4d         Code  Gb  I64DivZer.o [4]
__aeabi_memset           0x800'1cbd         Code  Gb  ABImemset.o [4]
__cmain                  0x800'2095         Code  Gb  cmain.o [4]
__exit                   0x800'20c9   0x14  Code  Gb  exit.o [5]
__iar_Memset             0x800'1cbd         Code  Gb  ABImemset.o [4]
__iar_Memset_word        0x800'1cc5         Code  Gb  ABImemset.o [4]
__iar_copy_init3         0x800'116b   0x2e  Code  Gb  copy_init3.o [4]
__iar_dadd               0x800'1e79         Code  Gb  DblSub.o [3]
__iar_data_init3         0x800'1ff5   0x28  Code  Gb  data_init.o [4]
__iar_dsub               0x800'1885         Code  Gb  DblAdd.o [3]
__iar_dsubStart          0x800'1897         Code  Gb  DblAdd.o [3]
__iar_init_vfp           0x800'201d         Code  Gb  fpinit_M.o [3]
__iar_log32              0x800'1a59         Code  Gb  logf.o [3]
__iar_log_medium32       0x800'1a59         Code  Gb  logf.o [3]
__iar_log_mediumf        0x800'1a59         Code  Gb  logf.o [3]
__iar_logf_NoFini        0x800'1af1         Code  Gb  logf.o [3]
__iar_logf_ZerNeg        0x800'1b05         Code  Gb  logf.o [3]
__iar_logf_cTab          0x800'1fb0         Data  Gb  logf.o [3]
__iar_program_start      0x800'20fd         Code  Gb  cstartup_M.o [4]
__iar_safe_logf          0x800'1a79         Code  Gb  logf.o [3]
__iar_small_uldivmod     0x800'1d71         Code  Gb  I64DivMod_small.o [4]
__iar_zero_init3         0x800'0aa7   0x3a  Code  Gb  zero_init3.o [4]
__low_level_init         0x800'20b3    0x4  Code  Gb  low_level_init.o [2]
__vector_table           0x800'0000         Data  Gb  startup_stm32f429xx.o [1]
_call_main               0x800'20a1         Code  Gb  cmain.o [4]
_exit                    0x800'20bd         Code  Gb  cexit.o [4]
_main                    0x800'20af         Code  Gb  cmain.o [4]
exit                     0x800'20b7    0x4  Code  Gb  exit.o [2]
hadc2                   0x2000'0010   0x48  Data  Gb  main.o [1]
htim4                   0x2000'0068   0x3c  Data  Gb  main.o [1]
logf                     0x800'1a59         Code  Gb  logf.o [3]
main                     0x800'07d1  0x134  Code  Gb  main.o [1]
memset                   0x800'0da9   0x14  Code  Gb  memset.o [4]
tempC                   0x2000'0060    0x4  Data  Gb  main.o [1]
tempF                   0x2000'0064    0x4  Data  Gb  main.o [1]
tempK                   0x2000'005c    0x4  Data  Gb  main.o [1]
tempValue               0x2000'0058    0x4  Data  Gb  main.o [1]
uwTick                  0x2000'0004    0x4  Data  Gb  stm32f4xx_hal.o [1]
uwTickFreq              0x2000'0000    0x1  Data  Gb  stm32f4xx_hal.o [1]
uwTickPrio              0x2000'0008    0x4  Data  Gb  stm32f4xx_hal.o [1]


[1] = C:\Users\maxunm\Desktop\TShirtPress\EWARM\Press\Obj
[2] = dl7M_tlf.a
[3] = m7M_tls.a
[4] = rt7M_tl.a
[5] = shb_l.a

  8'690 bytes of readonly  code memory
    122 bytes of readonly  data memory
  1'188 bytes of readwrite data memory

Errors: none
Warnings: none
