###############################################################################
#
# IAR ELF Linker V8.40.2.214/W32 for ARM                  16/Jul/2020  20:33:55
# Copyright 2007-2019 IAR Systems AB.
#
#    Output file  =
#        C:\Users\maxunm\Desktop\TShirtPress\Press\EWARM\Press\Exe\Press.out
#    Map file     =
#        C:\Users\maxunm\Desktop\TShirtPress\Press\EWARM\Press\List\Press.map
#    Command line =
#        -f C:\Users\maxunm\AppData\Local\Temp\EWF24B.tmp
#        (C:\Users\maxunm\Desktop\TShirtPress\Press\EWARM\Press\Obj\main.o
#        C:\Users\maxunm\Desktop\TShirtPress\Press\EWARM\Press\Obj\startup_stm32f429xx.o
#        C:\Users\maxunm\Desktop\TShirtPress\Press\EWARM\Press\Obj\stm32f4xx_hal.o
#        C:\Users\maxunm\Desktop\TShirtPress\Press\EWARM\Press\Obj\stm32f4xx_hal_adc.o
#        C:\Users\maxunm\Desktop\TShirtPress\Press\EWARM\Press\Obj\stm32f4xx_hal_adc_ex.o
#        C:\Users\maxunm\Desktop\TShirtPress\Press\EWARM\Press\Obj\stm32f4xx_hal_cortex.o
#        C:\Users\maxunm\Desktop\TShirtPress\Press\EWARM\Press\Obj\stm32f4xx_hal_dma.o
#        C:\Users\maxunm\Desktop\TShirtPress\Press\EWARM\Press\Obj\stm32f4xx_hal_dma_ex.o
#        C:\Users\maxunm\Desktop\TShirtPress\Press\EWARM\Press\Obj\stm32f4xx_hal_exti.o
#        C:\Users\maxunm\Desktop\TShirtPress\Press\EWARM\Press\Obj\stm32f4xx_hal_flash.o
#        C:\Users\maxunm\Desktop\TShirtPress\Press\EWARM\Press\Obj\stm32f4xx_hal_flash_ex.o
#        C:\Users\maxunm\Desktop\TShirtPress\Press\EWARM\Press\Obj\stm32f4xx_hal_flash_ramfunc.o
#        C:\Users\maxunm\Desktop\TShirtPress\Press\EWARM\Press\Obj\stm32f4xx_hal_gpio.o
#        C:\Users\maxunm\Desktop\TShirtPress\Press\EWARM\Press\Obj\stm32f4xx_hal_msp.o
#        C:\Users\maxunm\Desktop\TShirtPress\Press\EWARM\Press\Obj\stm32f4xx_hal_pwr.o
#        C:\Users\maxunm\Desktop\TShirtPress\Press\EWARM\Press\Obj\stm32f4xx_hal_pwr_ex.o
#        C:\Users\maxunm\Desktop\TShirtPress\Press\EWARM\Press\Obj\stm32f4xx_hal_rcc.o
#        C:\Users\maxunm\Desktop\TShirtPress\Press\EWARM\Press\Obj\stm32f4xx_hal_rcc_ex.o
#        C:\Users\maxunm\Desktop\TShirtPress\Press\EWARM\Press\Obj\stm32f4xx_hal_tim.o
#        C:\Users\maxunm\Desktop\TShirtPress\Press\EWARM\Press\Obj\stm32f4xx_hal_tim_ex.o
#        C:\Users\maxunm\Desktop\TShirtPress\Press\EWARM\Press\Obj\stm32f4xx_it.o
#        C:\Users\maxunm\Desktop\TShirtPress\Press\EWARM\Press\Obj\system_stm32f4xx.o
#        --redirect _Printf=_PrintfFull --redirect _Scanf=_ScanfFull
#        --no_out_extension -o
#        C:\Users\maxunm\Desktop\TShirtPress\Press\EWARM\Press\Exe\Press.out
#        --map
#        C:\Users\maxunm\Desktop\TShirtPress\Press\EWARM\Press\List\Press.map
#        --config
#        C:\Users\maxunm\Desktop\TShirtPress\Press\EWARM/stm32f429xx_flash.icf
#        --semihosting --entry __iar_program_start --redirect
#        __iar_sh_stdout=__iar_sh_stdout_swo --vfe --text_out locale)
#
###############################################################################

*******************************************************************************
*** RUNTIME MODEL ATTRIBUTES
***

CppFlavor       = *
__SystemLibrary = DLib
__dlib_version  = 6


*******************************************************************************
*** HEAP SELECTION
***

The basic heap was selected because some modules are built with
size limitations (and not runtime checking), and --advanced_heap
was not specified.


*******************************************************************************
*** PLACEMENT SUMMARY
***

"A0":  place at address 0x800'0000 { ro section .intvec };
"P1":  place in [from 0x800'0000 to 0x81f'ffff] { ro };
define block CSTACK with size = 1K, alignment = 8 { };
define block HEAP with size = 512, alignment = 8 { };
"P2":  place in [from 0x2000'0000 to 0x2002'ffff] {
          rw, block CSTACK, block HEAP };
initialize by copy { rw };

  Section            Kind         Address    Size  Object
  -------            ----         -------    ----  ------
"A0":                                       0x1ac
  .intvec            ro code   0x800'0000   0x1ac  startup_stm32f429xx.o [1]
                             - 0x800'01ac   0x1ac

"P1":                                      0x275c
  .text              ro code   0x800'01ac   0x540  main.o [1]
  .text              ro code   0x800'06ec    0x34  stm32f4xx_hal.o [1]
  .text              ro code   0x800'0720   0x20c  stm32f4xx_hal_gpio.o [1]
  .text              ro code   0x800'092c   0x540  stm32f4xx_hal_adc.o [1]
  .text              ro code   0x800'0e6c    0x14  memset.o [4]
  .text              ro code   0x800'0e80   0x3bc  stm32f4xx_hal_tim.o [1]
  .text              ro code   0x800'123c    0x8c  stm32f4xx_hal_tim_ex.o [1]
  .text              ro code   0x800'12c8   0x12c  stm32f4xx_hal_msp.o [1]
  .text              ro code   0x800'13f4    0x28  stm32f4xx_hal.o [1]
  .text              ro code   0x800'141c   0x310  stm32f4xx_hal_rcc.o [1]
  .text              ro code   0x800'172c   0x180  stm32f4xx_hal_rcc.o [1]
  .text              ro code   0x800'18ac    0x1a  U32ToDbl.o [3]
  .text              ro code   0x800'18c6    0x3a  zero_init3.o [4]
  .text              ro code   0x800'1900   0x246  DblDiv.o [3]
  .text              ro code   0x800'1b46    0x2e  copy_init3.o [4]
  .text              ro code   0x800'1b74   0x17a  DblAdd.o [3]
  .text              ro code   0x800'1cf0    0x12  math_wrappers64.o [3]
  .text              ro code   0x800'1d04   0x1a2  DblMul.o [3]
  .text              ro code   0x800'1ea8     0xc  stm32f4xx_hal.o [1]
  .text              ro code   0x800'1eb4    0xe2  DblSub.o [3]
  .text              ro code   0x800'1f98    0x2e  DblCmpLe.o [3]
  .text              ro code   0x800'1fc8    0x2e  DblCmpGe.o [3]
  .text              ro code   0x800'1ff8    0x3a  DblToS32.o [3]
  .text              ro code   0x800'2034    0xc4  stm32f4xx_hal_cortex.o [1]
  .text              ro code   0x800'20f8    0x40  stm32f4xx_hal.o [1]
  .text              ro code   0x800'2138     0x2  stm32f4xx_hal_adc_ex.o [1]
  .text              ro code   0x800'213a     0x2  stm32f4xx_hal_adc.o [1]
  .text              ro code   0x800'213c     0x2  stm32f4xx_hal_adc.o [1]
  .text              ro code   0x800'2140    0x66  ABImemset.o [4]
  .text              ro code   0x800'21a8   0x106  I64DivMod_small.o [4]
  .text              ro code   0x800'22b0   0x31c  logx64.o [3]
  .text              ro code   0x800'25cc     0x2  I64DivZer.o [4]
  .text              ro code   0x800'25d0    0x70  frexp.o [3]
  .text              ro code   0x800'2640    0x22  S32ToDbl.o [3]
  .text              ro code   0x800'2664    0x2c  system_stm32f4xx.o [1]
  .text              ro code   0x800'2690    0x28  data_init.o [4]
  .text              ro code   0x800'26b8    0x22  fpinit_M.o [3]
  .iar.init_table    const     0x800'26dc    0x24  - Linker created -
  .text              ro code   0x800'2700    0x20  stm32f4xx_it.o [1]
  .text              ro code   0x800'2720    0x10  stm32f4xx_hal.o [1]
  .text              ro code   0x800'2730    0x1e  cmain.o [4]
  .text              ro code   0x800'274e     0x4  low_level_init.o [2]
  .text              ro code   0x800'2752     0x4  exit.o [2]
  .text              ro code   0x800'2758     0xa  cexit.o [4]
  .text              ro code   0x800'2764    0x14  exit.o [5]
  .text              ro code   0x800'2778    0x10  startup_stm32f429xx.o [1]
  Initializer bytes  const     0x800'2788    0x10  <for P2-1>
  .text              ro code   0x800'2798     0xc  cstartup_M.o [4]
  .text              ro code   0x800'27a4     0x4  startup_stm32f429xx.o [1]
  .text              ro code   0x800'27a8     0x4  startup_stm32f429xx.o [1]
  .text              ro code   0x800'27ac     0x4  startup_stm32f429xx.o [1]
  .text              ro code   0x800'27b0     0x4  startup_stm32f429xx.o [1]
  .text              ro code   0x800'27b4     0x4  startup_stm32f429xx.o [1]
  .text              ro code   0x800'27b8     0x4  startup_stm32f429xx.o [1]
  .text              ro code   0x800'27bc     0x4  startup_stm32f429xx.o [1]
  .text              ro code   0x800'27c0     0x4  startup_stm32f429xx.o [1]
  .text              ro code   0x800'27c4     0x4  startup_stm32f429xx.o [1]
  .text              ro code   0x800'27c8     0x4  startup_stm32f429xx.o [1]
  .text              ro code   0x800'27cc     0x4  startup_stm32f429xx.o [1]
  .text              ro code   0x800'27d0     0x4  startup_stm32f429xx.o [1]
  .text              ro code   0x800'27d4     0x4  startup_stm32f429xx.o [1]
  .text              ro code   0x800'27d8     0x4  startup_stm32f429xx.o [1]
  .text              ro code   0x800'27dc     0x4  startup_stm32f429xx.o [1]
  .text              ro code   0x800'27e0     0x4  startup_stm32f429xx.o [1]
  .text              ro code   0x800'27e4     0x4  startup_stm32f429xx.o [1]
  .text              ro code   0x800'27e8     0x4  startup_stm32f429xx.o [1]
  .text              ro code   0x800'27ec     0x4  startup_stm32f429xx.o [1]
  .text              ro code   0x800'27f0     0x4  startup_stm32f429xx.o [1]
  .text              ro code   0x800'27f4     0x4  startup_stm32f429xx.o [1]
  .text              ro code   0x800'27f8     0x4  startup_stm32f429xx.o [1]
  .text              ro code   0x800'27fc     0x4  startup_stm32f429xx.o [1]
  .text              ro code   0x800'2800     0x4  startup_stm32f429xx.o [1]
  .text              ro code   0x800'2804     0x4  startup_stm32f429xx.o [1]
  .text              ro code   0x800'2808     0x4  startup_stm32f429xx.o [1]
  .text              ro code   0x800'280c     0x4  startup_stm32f429xx.o [1]
  .text              ro code   0x800'2810     0x4  startup_stm32f429xx.o [1]
  .text              ro code   0x800'2814     0x4  startup_stm32f429xx.o [1]
  .text              ro code   0x800'2818     0x4  startup_stm32f429xx.o [1]
  .text              ro code   0x800'281c     0x4  startup_stm32f429xx.o [1]
  .text              ro code   0x800'2820     0x4  startup_stm32f429xx.o [1]
  .text              ro code   0x800'2824     0x4  startup_stm32f429xx.o [1]
  .text              ro code   0x800'2828     0x4  startup_stm32f429xx.o [1]
  .text              ro code   0x800'282c     0x4  startup_stm32f429xx.o [1]
  .text              ro code   0x800'2830     0x4  startup_stm32f429xx.o [1]
  .text              ro code   0x800'2834     0x4  startup_stm32f429xx.o [1]
  .text              ro code   0x800'2838     0x4  startup_stm32f429xx.o [1]
  .text              ro code   0x800'283c     0x4  startup_stm32f429xx.o [1]
  .text              ro code   0x800'2840     0x4  startup_stm32f429xx.o [1]
  .text              ro code   0x800'2844     0x4  startup_stm32f429xx.o [1]
  .text              ro code   0x800'2848     0x4  startup_stm32f429xx.o [1]
  .text              ro code   0x800'284c     0x4  startup_stm32f429xx.o [1]
  .text              ro code   0x800'2850     0x4  startup_stm32f429xx.o [1]
  .text              ro code   0x800'2854     0x4  startup_stm32f429xx.o [1]
  .text              ro code   0x800'2858     0x4  startup_stm32f429xx.o [1]
  .text              ro code   0x800'285c     0x4  startup_stm32f429xx.o [1]
  .text              ro code   0x800'2860     0x4  startup_stm32f429xx.o [1]
  .text              ro code   0x800'2864     0x4  startup_stm32f429xx.o [1]
  .text              ro code   0x800'2868     0x4  startup_stm32f429xx.o [1]
  .text              ro code   0x800'286c     0x4  startup_stm32f429xx.o [1]
  .text              ro code   0x800'2870     0x4  startup_stm32f429xx.o [1]
  .text              ro code   0x800'2874     0x4  startup_stm32f429xx.o [1]
  .text              ro code   0x800'2878     0x4  startup_stm32f429xx.o [1]
  .text              ro code   0x800'287c     0x4  startup_stm32f429xx.o [1]
  .text              ro code   0x800'2880     0x4  startup_stm32f429xx.o [1]
  .text              ro code   0x800'2884     0x4  startup_stm32f429xx.o [1]
  .text              ro code   0x800'2888     0x4  startup_stm32f429xx.o [1]
  .text              ro code   0x800'288c     0x4  startup_stm32f429xx.o [1]
  .text              ro code   0x800'2890     0x4  startup_stm32f429xx.o [1]
  .text              ro code   0x800'2894     0x4  startup_stm32f429xx.o [1]
  .text              ro code   0x800'2898     0x4  startup_stm32f429xx.o [1]
  .text              ro code   0x800'289c     0x4  startup_stm32f429xx.o [1]
  .text              ro code   0x800'28a0     0x4  startup_stm32f429xx.o [1]
  .text              ro code   0x800'28a4     0x4  startup_stm32f429xx.o [1]
  .text              ro code   0x800'28a8     0x4  startup_stm32f429xx.o [1]
  .text              ro code   0x800'28ac     0x4  startup_stm32f429xx.o [1]
  .text              ro code   0x800'28b0     0x4  startup_stm32f429xx.o [1]
  .text              ro code   0x800'28b4     0x4  startup_stm32f429xx.o [1]
  .text              ro code   0x800'28b8     0x4  startup_stm32f429xx.o [1]
  .text              ro code   0x800'28bc     0x4  startup_stm32f429xx.o [1]
  .text              ro code   0x800'28c0     0x4  startup_stm32f429xx.o [1]
  .text              ro code   0x800'28c4     0x4  startup_stm32f429xx.o [1]
  .text              ro code   0x800'28c8     0x4  startup_stm32f429xx.o [1]
  .text              ro code   0x800'28cc     0x4  startup_stm32f429xx.o [1]
  .text              ro code   0x800'28d0     0x4  startup_stm32f429xx.o [1]
  .text              ro code   0x800'28d4     0x4  startup_stm32f429xx.o [1]
  .text              ro code   0x800'28d8     0x4  startup_stm32f429xx.o [1]
  .text              ro code   0x800'28dc     0x4  startup_stm32f429xx.o [1]
  .text              ro code   0x800'28e0     0x4  startup_stm32f429xx.o [1]
  .text              ro code   0x800'28e4     0x4  startup_stm32f429xx.o [1]
  .text              ro code   0x800'28e8     0x4  startup_stm32f429xx.o [1]
  .text              ro code   0x800'28ec     0x4  startup_stm32f429xx.o [1]
  .text              ro code   0x800'28f0     0x4  startup_stm32f429xx.o [1]
  .text              ro code   0x800'28f4     0x4  startup_stm32f429xx.o [1]
  .text              ro code   0x800'28f8     0x4  startup_stm32f429xx.o [1]
  .text              ro code   0x800'28fc     0x4  startup_stm32f429xx.o [1]
  .text              ro code   0x800'2900     0x4  startup_stm32f429xx.o [1]
  .text              ro code   0x800'2904     0x4  startup_stm32f429xx.o [1]
  .rodata            const     0x800'2908     0x0  zero_init3.o [4]
  .rodata            const     0x800'2908     0x0  copy_init3.o [4]
                             - 0x800'2908  0x275c

"P2", part 1 of 3:                           0x10
  P2-1                        0x2000'0000    0x10  <Init block>
    .data            inited   0x2000'0000     0xc  stm32f4xx_hal.o [1]
    .data            inited   0x2000'000c     0x4  system_stm32f4xx.o [1]
                            - 0x2000'0010    0x10

"P2", part 2 of 3:                          0x108
  .bss               zero     0x2000'0010    0x80  main.o [1]
  .bss               zero     0x2000'0090    0x48  main.o [1]
  .bss               zero     0x2000'00d8    0x40  main.o [1]
                            - 0x2000'0118   0x108

"P2", part 3 of 3:                          0x400
  CSTACK                      0x2000'0118   0x400  <Block>
    CSTACK           uninit   0x2000'0118   0x400  <Block tail>
                            - 0x2000'0518   0x400

Unused ranges:

         From           To       Size
         ----           --       ----
   0x800'2908   0x81f'ffff  0x1f'd6f8
  0x2000'0518  0x2002'ffff   0x2'fae8


*******************************************************************************
*** INIT TABLE
***

          Address      Size
          -------      ----
Zero (__iar_zero_init3)
    1 destination range, total size 0x108:
          0x2000'0010  0x108

Copy (__iar_copy_init3)
    1 source range, total size 0x10:
           0x800'2788   0x10
    1 destination range, total size 0x10:
          0x2000'0000   0x10



*******************************************************************************
*** MODULE SUMMARY
***

    Module                  ro code  ro data  rw data
    ------                  -------  -------  -------
command line/config:
    -------------------------------------------------
    Total:

C:\Users\maxunm\Desktop\TShirtPress\Press\EWARM\Press\Obj: [1]
    main.o                    1'344               264
    startup_stm32f429xx.o       800
    stm32f4xx_hal.o             184       12       12
    stm32f4xx_hal_adc.o       1'348
    stm32f4xx_hal_adc_ex.o        2
    stm32f4xx_hal_cortex.o      196
    stm32f4xx_hal_gpio.o        524
    stm32f4xx_hal_msp.o         300
    stm32f4xx_hal_rcc.o       1'168
    stm32f4xx_hal_tim.o         956
    stm32f4xx_hal_tim_ex.o      140
    stm32f4xx_it.o               32
    system_stm32f4xx.o           44        4        4
    -------------------------------------------------
    Total:                    7'038       16      280

dl7M_tln.a: [2]
    exit.o                        4
    low_level_init.o              4
    -------------------------------------------------
    Total:                        8

m7M_tls.a: [3]
    DblAdd.o                    378
    DblCmpGe.o                   46
    DblCmpLe.o                   46
    DblDiv.o                    582
    DblMul.o                    418
    DblSub.o                    226
    DblToS32.o                   58
    S32ToDbl.o                   34
    U32ToDbl.o                   26
    fpinit_M.o                   34
    frexp.o                     112
    logx64.o                    796
    math_wrappers64.o            18
    -------------------------------------------------
    Total:                    2'774

rt7M_tl.a: [4]
    ABImemset.o                 102
    I64DivMod_small.o           262
    I64DivZer.o                   2
    cexit.o                      10
    cmain.o                      30
    copy_init3.o                 46
    cstartup_M.o                 12
    data_init.o                  40
    memset.o                     20
    zero_init3.o                 58
    -------------------------------------------------
    Total:                      582

shb_l.a: [5]
    exit.o                       20
    -------------------------------------------------
    Total:                       20

    Gaps                         28        2
    Linker created                        36    1'024
-----------------------------------------------------
    Grand Total:             10'450       54    1'304


*******************************************************************************
*** ENTRY LIST
***

Entry                       Address   Size  Type      Object
-----                       -------   ----  ----      ------
.iar.init_table$$Base    0x800'26dc          --   Gb  - Linker created -
.iar.init_table$$Limit   0x800'2700          --   Gb  - Linker created -
?main                    0x800'2731         Code  Gb  cmain.o [4]
ADC_IRQHandler           0x800'2715    0x6  Code  Gb  stm32f4xx_it.o [1]
AHBPrescTable            0x800'2680   0x10  Data  Gb  system_stm32f4xx.o [1]
BusFault_Handler         0x800'2707    0x2  Code  Gb  stm32f4xx_it.o [1]
CSTACK$$Base            0x2000'0118          --   Gb  - Linker created -
CSTACK$$Limit           0x2000'0518          --   Gb  - Linker created -
DebugMon_Handler         0x800'270d    0x2  Code  Gb  stm32f4xx_it.o [1]
HAL_ADCEx_InjectedConvCpltCallback
                         0x800'2139    0x2  Code  Wk  stm32f4xx_hal_adc_ex.o [1]
HAL_ADC_ConfigChannel    0x800'0cfb  0x122  Code  Gb  stm32f4xx_hal_adc.o [1]
HAL_ADC_ConvCpltCallback
                         0x800'04ab   0x9a  Code  Gb  main.o [1]
HAL_ADC_GetValue         0x800'0cf5    0x6  Code  Gb  stm32f4xx_hal_adc.o [1]
HAL_ADC_IRQHandler       0x800'0bc9  0x120  Code  Gb  stm32f4xx_hal_adc.o [1]
HAL_ADC_Init             0x800'092d  0x154  Code  Gb  stm32f4xx_hal_adc.o [1]
HAL_ADC_MspInit          0x800'12fd   0x64  Code  Gb  stm32f4xx_hal_msp.o [1]
HAL_ADC_Start_IT         0x800'0a95   0x88  Code  Gb  stm32f4xx_hal_adc.o [1]
HAL_Delay                0x800'13f5   0x28  Code  Wk  stm32f4xx_hal.o [1]
HAL_GPIO_Init            0x800'0721  0x1c2  Code  Gb  stm32f4xx_hal_gpio.o [1]
HAL_GPIO_TogglePin       0x800'08eb    0xe  Code  Gb  stm32f4xx_hal_gpio.o [1]
HAL_GPIO_WritePin        0x800'08e3    0x8  Code  Gb  stm32f4xx_hal_gpio.o [1]
HAL_GetTick              0x800'1ea9    0xc  Code  Wk  stm32f4xx_hal.o [1]
HAL_IncTick              0x800'2721   0x10  Code  Wk  stm32f4xx_hal.o [1]
HAL_Init                 0x800'06ed   0x30  Code  Gb  stm32f4xx_hal.o [1]
HAL_InitTick             0x800'20f9   0x40  Code  Wk  stm32f4xx_hal.o [1]
HAL_MspInit              0x800'12c9   0x34  Code  Gb  stm32f4xx_hal_msp.o [1]
HAL_NVIC_EnableIRQ       0x800'20a3   0x16  Code  Gb  stm32f4xx_hal_cortex.o [1]
HAL_NVIC_SetPriority     0x800'2069   0x3a  Code  Gb  stm32f4xx_hal_cortex.o [1]
HAL_NVIC_SetPriorityGrouping
                         0x800'204f   0x1a  Code  Gb  stm32f4xx_hal_cortex.o [1]
HAL_RCC_ClockConfig      0x800'172d  0x100  Code  Gb  stm32f4xx_hal_rcc.o [1]
HAL_RCC_OscConfig        0x800'141d  0x310  Code  Wk  stm32f4xx_hal_rcc.o [1]
HAL_SYSTICK_Config       0x800'20b9   0x28  Code  Gb  stm32f4xx_hal_cortex.o [1]
HAL_TIMEx_MasterConfigSynchronization
                         0x800'123d   0x6e  Code  Gb  stm32f4xx_hal_tim_ex.o [1]
HAL_TIM_MspPostInit      0x800'1387   0x48  Code  Gb  stm32f4xx_hal_msp.o [1]
HAL_TIM_PWM_ConfigChannel
                         0x800'0f11   0xbc  Code  Gb  stm32f4xx_hal_tim.o [1]
HAL_TIM_PWM_Init         0x800'0eb5   0x1a  Code  Gb  stm32f4xx_hal_tim.o [1]
HAL_TIM_PWM_MspInit      0x800'1361   0x26  Code  Gb  stm32f4xx_hal_msp.o [1]
HAL_TIM_PWM_Start        0x800'0ecf   0x14  Code  Gb  stm32f4xx_hal_tim.o [1]
HardFault_Handler        0x800'2703    0x2  Code  Gb  stm32f4xx_it.o [1]
MemManage_Handler        0x800'2705    0x2  Code  Gb  stm32f4xx_it.o [1]
NMI_Handler              0x800'2701    0x2  Code  Gb  stm32f4xx_it.o [1]
PendSV_Handler           0x800'270f    0x2  Code  Gb  stm32f4xx_it.o [1]
Region$$Table$$Base      0x800'26dc          --   Gb  - Linker created -
Region$$Table$$Limit     0x800'2700          --   Gb  - Linker created -
SVC_Handler              0x800'270b    0x2  Code  Gb  stm32f4xx_it.o [1]
SysTick_Handler          0x800'2711    0x4  Code  Gb  stm32f4xx_it.o [1]
SystemClock_Config       0x800'0411   0x9a  Code  Gb  main.o [1]
SystemCoreClock         0x2000'000c    0x4  Data  Gb  system_stm32f4xx.o [1]
SystemInit               0x800'2665   0x14  Code  Gb  system_stm32f4xx.o [1]
TIM_Base_SetConfig       0x800'1001   0x96  Code  Gb  stm32f4xx_hal_tim.o [1]
TIM_CCxChannelCmd        0x800'1221   0x16  Code  Gb  stm32f4xx_hal_tim.o [1]
TIM_OC1_SetConfig        0x800'1097   0x58  Code  Lc  stm32f4xx_hal_tim.o [1]
TIM_OC2_SetConfig        0x800'10ef   0x60  Code  Gb  stm32f4xx_hal_tim.o [1]
TIM_OC3_SetConfig        0x800'114f   0x5e  Code  Lc  stm32f4xx_hal_tim.o [1]
TIM_OC4_SetConfig        0x800'11ad   0x46  Code  Lc  stm32f4xx_hal_tim.o [1]
UsageFault_Handler       0x800'2709    0x2  Code  Gb  stm32f4xx_it.o [1]
__NVIC_SetPriority       0x800'2035   0x1a  Code  Lc  stm32f4xx_hal_cortex.o [1]
__aeabi_cdcmple          0x800'1f99         Code  Gb  DblCmpLe.o [3]
__aeabi_cdrcmple         0x800'1fc9         Code  Gb  DblCmpGe.o [3]
__aeabi_d2iz             0x800'1ff9         Code  Gb  DblToS32.o [3]
__aeabi_dadd             0x800'1b75         Code  Gb  DblAdd.o [3]
__aeabi_ddiv             0x800'1901         Code  Gb  DblDiv.o [3]
__aeabi_dmul             0x800'1d05         Code  Gb  DblMul.o [3]
__aeabi_dsub             0x800'1eb5         Code  Gb  DblSub.o [3]
__aeabi_i2d              0x800'2641         Code  Gb  S32ToDbl.o [3]
__aeabi_ldiv0            0x800'25cd         Code  Gb  I64DivZer.o [4]
__aeabi_memset           0x800'2141         Code  Gb  ABImemset.o [4]
__aeabi_ui2d             0x800'18ad         Code  Gb  U32ToDbl.o [3]
__cmain                  0x800'2731         Code  Gb  cmain.o [4]
__exit                   0x800'2765   0x14  Code  Gb  exit.o [5]
__iar_Log64              0x800'22b1  0x280  Code  Lc  logx64.o [3]
__iar_Memset             0x800'2141         Code  Gb  ABImemset.o [4]
__iar_Memset_word        0x800'2149         Code  Gb  ABImemset.o [4]
__iar_copy_init3         0x800'1b47   0x2e  Code  Gb  copy_init3.o [4]
__iar_dadd               0x800'1ec5         Code  Gb  DblSub.o [3]
__iar_data_init3         0x800'2691   0x28  Code  Gb  data_init.o [4]
__iar_dsub               0x800'1b85         Code  Gb  DblAdd.o [3]
__iar_dsubStart          0x800'1b97         Code  Gb  DblAdd.o [3]
__iar_frexp              0x800'25dd         Code  Gb  frexp.o [3]
__iar_frexpl             0x800'25dd         Code  Gb  frexp.o [3]
__iar_init_vfp           0x800'26b9         Code  Gb  fpinit_M.o [3]
__iar_log64              0x800'25c9    0x4  Code  Gb  logx64.o [3]
__iar_log_medium         0x800'25c9    0x4  Code  Gb  logx64.o [3]
__iar_log_medium64       0x800'25c9    0x4  Code  Gb  logx64.o [3]
__iar_log_mediuml        0x800'25c9    0x4  Code  Gb  logx64.o [3]
__iar_program_start      0x800'2799         Code  Gb  cstartup_M.o [4]
__iar_small_uldivmod     0x800'21a9         Code  Gb  I64DivMod_small.o [4]
__iar_softfp___iar_frexp64
                         0x800'25d1         Code  Gb  frexp.o [3]
__iar_softfp_frexp       0x800'25d1         Code  Gb  frexp.o [3]
__iar_softfp_frexpl      0x800'25d1         Code  Gb  frexp.o [3]
__iar_vfp_log            0x800'1cf7    0xc  Code  Gb  math_wrappers64.o [3]
__iar_zero_init3         0x800'18c7   0x3a  Code  Gb  zero_init3.o [4]
__low_level_init         0x800'274f    0x4  Code  Gb  low_level_init.o [2]
__vector_table           0x800'0000         Data  Gb  startup_stm32f429xx.o [1]
_call_main               0x800'273d         Code  Gb  cmain.o [4]
_exit                    0x800'2759         Code  Gb  cexit.o [4]
_main                    0x800'274b         Code  Gb  cmain.o [4]
computePID               0x800'0545  0x114  Code  Gb  main.o [1]
counter                 0x2000'0010    0x1  Data  Gb  main.o [1]
cumError                0x2000'00f0    0x8  Data  Gb  main.o [1]
currentTime             0x2000'0110    0x4  Data  Gb  main.o [1]
elapsedTime             0x2000'00d8    0x8  Data  Gb  main.o [1]
error                   0x2000'00e8    0x8  Data  Gb  main.o [1]
exit                     0x800'2753    0x4  Code  Gb  exit.o [2]
hadc2                   0x2000'0090   0x48  Data  Gb  main.o [1]
htim4                   0x2000'0014   0x40  Data  Gb  main.o [1]
kd                      0x2000'0080    0x8  Data  Gb  main.o [1]
ki                      0x2000'0078    0x8  Data  Gb  main.o [1]
kp                      0x2000'0070    0x8  Data  Gb  main.o [1]
lastError               0x2000'0100    0x8  Data  Gb  main.o [1]
log                      0x800'25c9    0x4  Code  Gb  logx64.o [3]
logl                     0x800'25c9    0x4  Code  Gb  logx64.o [3]
main                     0x800'01ad  0x238  Code  Gb  main.o [1]
memset                   0x800'0e6d   0x14  Code  Gb  memset.o [4]
myPID                   0x2000'008c    0x4  Data  Gb  main.o [1]
out                     0x2000'0108    0x8  Data  Gb  main.o [1]
previousTime            0x2000'0114    0x4  Data  Gb  main.o [1]
rateError               0x2000'00f8    0x8  Data  Gb  main.o [1]
setPoint                0x2000'00e0    0x8  Data  Gb  main.o [1]
tempC                   0x2000'0060    0x8  Data  Gb  main.o [1]
tempF                   0x2000'0068    0x8  Data  Gb  main.o [1]
tempK                   0x2000'0058    0x8  Data  Gb  main.o [1]
tempValue               0x2000'0088    0x4  Data  Gb  main.o [1]
uwTick                  0x2000'0004    0x4  Data  Gb  stm32f4xx_hal.o [1]
uwTickFreq              0x2000'0000    0x1  Data  Gb  stm32f4xx_hal.o [1]
uwTickPrio              0x2000'0008    0x4  Data  Gb  stm32f4xx_hal.o [1]


[1] = C:\Users\maxunm\Desktop\TShirtPress\Press\EWARM\Press\Obj
[2] = dl7M_tln.a
[3] = m7M_tls.a
[4] = rt7M_tl.a
[5] = shb_l.a

  10'450 bytes of readonly  code memory
      54 bytes of readonly  data memory
   1'304 bytes of readwrite data memory

Errors: none
Warnings: none
