###############################################################################
#
# IAR ELF Linker V8.40.2.214/W32 for ARM                  02/Jul/2020  14:30:48
# Copyright 2007-2019 IAR Systems AB.
#
#    Output file  =
#        C:\Users\maxunm\Desktop\TShirtPress\BoardOutputVerification\EWARM\BoardOutputVerification\Exe\BoardOutputVerification.out
#    Map file     =
#        C:\Users\maxunm\Desktop\TShirtPress\BoardOutputVerification\EWARM\BoardOutputVerification\List\BoardOutputVerification.map
#    Command line =
#        -f C:\Users\maxunm\AppData\Local\Temp\EW6DC1.tmp
#        (C:\Users\maxunm\Desktop\TShirtPress\BoardOutputVerification\EWARM\BoardOutputVerification\Obj\main.o
#        C:\Users\maxunm\Desktop\TShirtPress\BoardOutputVerification\EWARM\BoardOutputVerification\Obj\startup_stm32f429xx.o
#        C:\Users\maxunm\Desktop\TShirtPress\BoardOutputVerification\EWARM\BoardOutputVerification\Obj\stm32f4xx_hal.o
#        C:\Users\maxunm\Desktop\TShirtPress\BoardOutputVerification\EWARM\BoardOutputVerification\Obj\stm32f4xx_hal_adc.o
#        C:\Users\maxunm\Desktop\TShirtPress\BoardOutputVerification\EWARM\BoardOutputVerification\Obj\stm32f4xx_hal_adc_ex.o
#        C:\Users\maxunm\Desktop\TShirtPress\BoardOutputVerification\EWARM\BoardOutputVerification\Obj\stm32f4xx_hal_cortex.o
#        C:\Users\maxunm\Desktop\TShirtPress\BoardOutputVerification\EWARM\BoardOutputVerification\Obj\stm32f4xx_hal_dma.o
#        C:\Users\maxunm\Desktop\TShirtPress\BoardOutputVerification\EWARM\BoardOutputVerification\Obj\stm32f4xx_hal_dma_ex.o
#        C:\Users\maxunm\Desktop\TShirtPress\BoardOutputVerification\EWARM\BoardOutputVerification\Obj\stm32f4xx_hal_exti.o
#        C:\Users\maxunm\Desktop\TShirtPress\BoardOutputVerification\EWARM\BoardOutputVerification\Obj\stm32f4xx_hal_flash.o
#        C:\Users\maxunm\Desktop\TShirtPress\BoardOutputVerification\EWARM\BoardOutputVerification\Obj\stm32f4xx_hal_flash_ex.o
#        C:\Users\maxunm\Desktop\TShirtPress\BoardOutputVerification\EWARM\BoardOutputVerification\Obj\stm32f4xx_hal_flash_ramfunc.o
#        C:\Users\maxunm\Desktop\TShirtPress\BoardOutputVerification\EWARM\BoardOutputVerification\Obj\stm32f4xx_hal_gpio.o
#        C:\Users\maxunm\Desktop\TShirtPress\BoardOutputVerification\EWARM\BoardOutputVerification\Obj\stm32f4xx_hal_msp.o
#        C:\Users\maxunm\Desktop\TShirtPress\BoardOutputVerification\EWARM\BoardOutputVerification\Obj\stm32f4xx_hal_pwr.o
#        C:\Users\maxunm\Desktop\TShirtPress\BoardOutputVerification\EWARM\BoardOutputVerification\Obj\stm32f4xx_hal_pwr_ex.o
#        C:\Users\maxunm\Desktop\TShirtPress\BoardOutputVerification\EWARM\BoardOutputVerification\Obj\stm32f4xx_hal_rcc.o
#        C:\Users\maxunm\Desktop\TShirtPress\BoardOutputVerification\EWARM\BoardOutputVerification\Obj\stm32f4xx_hal_rcc_ex.o
#        C:\Users\maxunm\Desktop\TShirtPress\BoardOutputVerification\EWARM\BoardOutputVerification\Obj\stm32f4xx_hal_tim.o
#        C:\Users\maxunm\Desktop\TShirtPress\BoardOutputVerification\EWARM\BoardOutputVerification\Obj\stm32f4xx_hal_tim_ex.o
#        C:\Users\maxunm\Desktop\TShirtPress\BoardOutputVerification\EWARM\BoardOutputVerification\Obj\stm32f4xx_it.o
#        C:\Users\maxunm\Desktop\TShirtPress\BoardOutputVerification\EWARM\BoardOutputVerification\Obj\system_stm32f4xx.o
#        --redirect _Printf=_PrintfFull --redirect _Scanf=_ScanfFull
#        --no_out_extension -o
#        C:\Users\maxunm\Desktop\TShirtPress\BoardOutputVerification\EWARM\BoardOutputVerification\Exe\BoardOutputVerification.out
#        --map
#        C:\Users\maxunm\Desktop\TShirtPress\BoardOutputVerification\EWARM\BoardOutputVerification\List\BoardOutputVerification.map
#        --config
#        C:\Users\maxunm\Desktop\TShirtPress\BoardOutputVerification\EWARM/stm32f429xx_flash.icf
#        --semihosting --entry __iar_program_start --vfe --text_out locale)
#
###############################################################################

*******************************************************************************
*** RUNTIME MODEL ATTRIBUTES
***

CppFlavor       = *
__SystemLibrary = DLib
__dlib_version  = 6


*******************************************************************************
*** HEAP SELECTION
***

The basic heap was selected because some modules are built with
size limitations (and not runtime checking), and --advanced_heap
was not specified.


*******************************************************************************
*** PLACEMENT SUMMARY
***

"A0":  place at address 0x800'0000 { ro section .intvec };
"P1":  place in [from 0x800'0000 to 0x81f'ffff] { ro };
define block CSTACK with size = 1K, alignment = 8 { };
define block HEAP with size = 512, alignment = 8 { };
"P2":  place in [from 0x2000'0000 to 0x2002'ffff] {
          rw, block CSTACK, block HEAP };
initialize by copy { rw };

  Section            Kind         Address    Size  Object
  -------            ----         -------    ----  ------
"A0":                                       0x1ac
  .intvec            ro code   0x800'0000   0x1ac  startup_stm32f429xx.o [1]
                             - 0x800'01ac   0x1ac

"P1":                                      0x1904
  .text              ro code   0x800'01ac   0x3f4  stm32f4xx_hal_adc.o [1]
  .text              ro code   0x800'05a0   0x12c  stm32f4xx_hal_msp.o [1]
  .text              ro code   0x800'06cc     0x2  stm32f4xx_hal_adc.o [1]
  .text              ro code   0x800'06ce    0x3a  zero_init3.o [4]
  .text              ro code   0x800'0708     0x2  stm32f4xx_hal_adc_ex.o [1]
  .text              ro code   0x800'070a     0x2  stm32f4xx_hal_adc.o [1]
  .text              ro code   0x800'070c     0x2  stm32f4xx_hal_adc.o [1]
  .text              ro code   0x800'070e    0x2e  copy_init3.o [4]
  .text              ro code   0x800'073c   0x20c  stm32f4xx_hal_gpio.o [1]
  .text              ro code   0x800'0948    0xc4  stm32f4xx_hal_cortex.o [1]
  .text              ro code   0x800'0a0c    0x14  memset.o [4]
  .text              ro code   0x800'0a20    0x66  ABImemset.o [4]
  .text              ro code   0x800'0a88   0x368  main.o [1]
  .text              ro code   0x800'0df0    0x34  stm32f4xx_hal.o [1]
  .text              ro code   0x800'0e24   0x34c  stm32f4xx_hal_tim.o [1]
  .text              ro code   0x800'1170    0x8c  stm32f4xx_hal_tim_ex.o [1]
  .text              ro code   0x800'11fc    0x28  stm32f4xx_hal.o [1]
  .text              ro code   0x800'1224   0x310  stm32f4xx_hal_rcc.o [1]
  .text              ro code   0x800'1534   0x180  stm32f4xx_hal_rcc.o [1]
  .text              ro code   0x800'16b4    0x40  stm32f4xx_hal.o [1]
  .text              ro code   0x800'16f4     0xc  stm32f4xx_hal.o [1]
  .text              ro code   0x800'1700   0x106  I64DivMod_small.o [4]
  .text              ro code   0x800'1808     0x2  I64DivZer.o [4]
  .text              ro code   0x800'180c    0x2c  system_stm32f4xx.o [1]
  .text              ro code   0x800'1838    0x28  data_init.o [4]
  .text              ro code   0x800'1860    0x22  fpinit_M.o [3]
  .iar.init_table    const     0x800'1884    0x24  - Linker created -
  .text              ro code   0x800'18a8    0x20  stm32f4xx_it.o [1]
  .text              ro code   0x800'18c8    0x10  stm32f4xx_hal.o [1]
  .text              ro code   0x800'18d8    0x1e  cmain.o [4]
  .text              ro code   0x800'18f6     0x4  low_level_init.o [2]
  .text              ro code   0x800'18fa     0x4  exit.o [2]
  .text              ro code   0x800'1900     0xa  cexit.o [4]
  .text              ro code   0x800'190c    0x14  exit.o [5]
  .text              ro code   0x800'1920    0x10  startup_stm32f429xx.o [1]
  Initializer bytes  const     0x800'1930    0x10  <for P2-1>
  .text              ro code   0x800'1940     0xc  cstartup_M.o [4]
  .text              ro code   0x800'194c     0x4  startup_stm32f429xx.o [1]
  .text              ro code   0x800'1950     0x4  startup_stm32f429xx.o [1]
  .text              ro code   0x800'1954     0x4  startup_stm32f429xx.o [1]
  .text              ro code   0x800'1958     0x4  startup_stm32f429xx.o [1]
  .text              ro code   0x800'195c     0x4  startup_stm32f429xx.o [1]
  .text              ro code   0x800'1960     0x4  startup_stm32f429xx.o [1]
  .text              ro code   0x800'1964     0x4  startup_stm32f429xx.o [1]
  .text              ro code   0x800'1968     0x4  startup_stm32f429xx.o [1]
  .text              ro code   0x800'196c     0x4  startup_stm32f429xx.o [1]
  .text              ro code   0x800'1970     0x4  startup_stm32f429xx.o [1]
  .text              ro code   0x800'1974     0x4  startup_stm32f429xx.o [1]
  .text              ro code   0x800'1978     0x4  startup_stm32f429xx.o [1]
  .text              ro code   0x800'197c     0x4  startup_stm32f429xx.o [1]
  .text              ro code   0x800'1980     0x4  startup_stm32f429xx.o [1]
  .text              ro code   0x800'1984     0x4  startup_stm32f429xx.o [1]
  .text              ro code   0x800'1988     0x4  startup_stm32f429xx.o [1]
  .text              ro code   0x800'198c     0x4  startup_stm32f429xx.o [1]
  .text              ro code   0x800'1990     0x4  startup_stm32f429xx.o [1]
  .text              ro code   0x800'1994     0x4  startup_stm32f429xx.o [1]
  .text              ro code   0x800'1998     0x4  startup_stm32f429xx.o [1]
  .text              ro code   0x800'199c     0x4  startup_stm32f429xx.o [1]
  .text              ro code   0x800'19a0     0x4  startup_stm32f429xx.o [1]
  .text              ro code   0x800'19a4     0x4  startup_stm32f429xx.o [1]
  .text              ro code   0x800'19a8     0x4  startup_stm32f429xx.o [1]
  .text              ro code   0x800'19ac     0x4  startup_stm32f429xx.o [1]
  .text              ro code   0x800'19b0     0x4  startup_stm32f429xx.o [1]
  .text              ro code   0x800'19b4     0x4  startup_stm32f429xx.o [1]
  .text              ro code   0x800'19b8     0x4  startup_stm32f429xx.o [1]
  .text              ro code   0x800'19bc     0x4  startup_stm32f429xx.o [1]
  .text              ro code   0x800'19c0     0x4  startup_stm32f429xx.o [1]
  .text              ro code   0x800'19c4     0x4  startup_stm32f429xx.o [1]
  .text              ro code   0x800'19c8     0x4  startup_stm32f429xx.o [1]
  .text              ro code   0x800'19cc     0x4  startup_stm32f429xx.o [1]
  .text              ro code   0x800'19d0     0x4  startup_stm32f429xx.o [1]
  .text              ro code   0x800'19d4     0x4  startup_stm32f429xx.o [1]
  .text              ro code   0x800'19d8     0x4  startup_stm32f429xx.o [1]
  .text              ro code   0x800'19dc     0x4  startup_stm32f429xx.o [1]
  .text              ro code   0x800'19e0     0x4  startup_stm32f429xx.o [1]
  .text              ro code   0x800'19e4     0x4  startup_stm32f429xx.o [1]
  .text              ro code   0x800'19e8     0x4  startup_stm32f429xx.o [1]
  .text              ro code   0x800'19ec     0x4  startup_stm32f429xx.o [1]
  .text              ro code   0x800'19f0     0x4  startup_stm32f429xx.o [1]
  .text              ro code   0x800'19f4     0x4  startup_stm32f429xx.o [1]
  .text              ro code   0x800'19f8     0x4  startup_stm32f429xx.o [1]
  .text              ro code   0x800'19fc     0x4  startup_stm32f429xx.o [1]
  .text              ro code   0x800'1a00     0x4  startup_stm32f429xx.o [1]
  .text              ro code   0x800'1a04     0x4  startup_stm32f429xx.o [1]
  .text              ro code   0x800'1a08     0x4  startup_stm32f429xx.o [1]
  .text              ro code   0x800'1a0c     0x4  startup_stm32f429xx.o [1]
  .text              ro code   0x800'1a10     0x4  startup_stm32f429xx.o [1]
  .text              ro code   0x800'1a14     0x4  startup_stm32f429xx.o [1]
  .text              ro code   0x800'1a18     0x4  startup_stm32f429xx.o [1]
  .text              ro code   0x800'1a1c     0x4  startup_stm32f429xx.o [1]
  .text              ro code   0x800'1a20     0x4  startup_stm32f429xx.o [1]
  .text              ro code   0x800'1a24     0x4  startup_stm32f429xx.o [1]
  .text              ro code   0x800'1a28     0x4  startup_stm32f429xx.o [1]
  .text              ro code   0x800'1a2c     0x4  startup_stm32f429xx.o [1]
  .text              ro code   0x800'1a30     0x4  startup_stm32f429xx.o [1]
  .text              ro code   0x800'1a34     0x4  startup_stm32f429xx.o [1]
  .text              ro code   0x800'1a38     0x4  startup_stm32f429xx.o [1]
  .text              ro code   0x800'1a3c     0x4  startup_stm32f429xx.o [1]
  .text              ro code   0x800'1a40     0x4  startup_stm32f429xx.o [1]
  .text              ro code   0x800'1a44     0x4  startup_stm32f429xx.o [1]
  .text              ro code   0x800'1a48     0x4  startup_stm32f429xx.o [1]
  .text              ro code   0x800'1a4c     0x4  startup_stm32f429xx.o [1]
  .text              ro code   0x800'1a50     0x4  startup_stm32f429xx.o [1]
  .text              ro code   0x800'1a54     0x4  startup_stm32f429xx.o [1]
  .text              ro code   0x800'1a58     0x4  startup_stm32f429xx.o [1]
  .text              ro code   0x800'1a5c     0x4  startup_stm32f429xx.o [1]
  .text              ro code   0x800'1a60     0x4  startup_stm32f429xx.o [1]
  .text              ro code   0x800'1a64     0x4  startup_stm32f429xx.o [1]
  .text              ro code   0x800'1a68     0x4  startup_stm32f429xx.o [1]
  .text              ro code   0x800'1a6c     0x4  startup_stm32f429xx.o [1]
  .text              ro code   0x800'1a70     0x4  startup_stm32f429xx.o [1]
  .text              ro code   0x800'1a74     0x4  startup_stm32f429xx.o [1]
  .text              ro code   0x800'1a78     0x4  startup_stm32f429xx.o [1]
  .text              ro code   0x800'1a7c     0x4  startup_stm32f429xx.o [1]
  .text              ro code   0x800'1a80     0x4  startup_stm32f429xx.o [1]
  .text              ro code   0x800'1a84     0x4  startup_stm32f429xx.o [1]
  .text              ro code   0x800'1a88     0x4  startup_stm32f429xx.o [1]
  .text              ro code   0x800'1a8c     0x4  startup_stm32f429xx.o [1]
  .text              ro code   0x800'1a90     0x4  startup_stm32f429xx.o [1]
  .text              ro code   0x800'1a94     0x4  startup_stm32f429xx.o [1]
  .text              ro code   0x800'1a98     0x4  startup_stm32f429xx.o [1]
  .text              ro code   0x800'1a9c     0x4  startup_stm32f429xx.o [1]
  .text              ro code   0x800'1aa0     0x4  startup_stm32f429xx.o [1]
  .text              ro code   0x800'1aa4     0x4  startup_stm32f429xx.o [1]
  .text              ro code   0x800'1aa8     0x4  startup_stm32f429xx.o [1]
  .text              ro code   0x800'1aac     0x4  startup_stm32f429xx.o [1]
  .rodata            const     0x800'1ab0     0x0  zero_init3.o [4]
  .rodata            const     0x800'1ab0     0x0  copy_init3.o [4]
                             - 0x800'1ab0  0x1904

"P2", part 1 of 3:                           0x10
  P2-1                        0x2000'0000    0x10  <Init block>
    .data            inited   0x2000'0000     0xc  stm32f4xx_hal.o [1]
    .data            inited   0x2000'000c     0x4  system_stm32f4xx.o [1]
                            - 0x2000'0010    0x10

"P2", part 2 of 3:                           0x88
  .bss               zero     0x2000'0010    0x88  main.o [1]
                            - 0x2000'0098    0x88

"P2", part 3 of 3:                          0x400
  CSTACK                      0x2000'0098   0x400  <Block>
    CSTACK           uninit   0x2000'0098   0x400  <Block tail>
                            - 0x2000'0498   0x400

Unused ranges:

         From           To       Size
         ----           --       ----
   0x800'1ab0   0x81f'ffff  0x1f'e550
  0x2000'0498  0x2002'ffff   0x2'fb68


*******************************************************************************
*** INIT TABLE
***

          Address      Size
          -------      ----
Zero (__iar_zero_init3)
    1 destination range, total size 0x88:
          0x2000'0010  0x88

Copy (__iar_copy_init3)
    1 source range, total size 0x10:
           0x800'1930  0x10
    1 destination range, total size 0x10:
          0x2000'0000  0x10



*******************************************************************************
*** MODULE SUMMARY
***

    Module                  ro code  ro data  rw data
    ------                  -------  -------  -------
command line/config:
    -------------------------------------------------
    Total:

C:\Users\maxunm\Desktop\TShirtPress\BoardOutputVerification\EWARM\BoardOutputVerification\Obj: [1]
    main.o                      872               136
    startup_stm32f429xx.o       800
    stm32f4xx_hal.o             184       12       12
    stm32f4xx_hal_adc.o       1'018
    stm32f4xx_hal_adc_ex.o        2
    stm32f4xx_hal_cortex.o      196
    stm32f4xx_hal_gpio.o        524
    stm32f4xx_hal_msp.o         300
    stm32f4xx_hal_rcc.o       1'168
    stm32f4xx_hal_tim.o         844
    stm32f4xx_hal_tim_ex.o      140
    stm32f4xx_it.o               32
    system_stm32f4xx.o           44        4        4
    -------------------------------------------------
    Total:                    6'124       16      152

dl7M_tln.a: [2]
    exit.o                        4
    low_level_init.o              4
    -------------------------------------------------
    Total:                        8

m7M_tls.a: [3]
    fpinit_M.o                   34
    -------------------------------------------------
    Total:                       34

rt7M_tl.a: [4]
    ABImemset.o                 102
    I64DivMod_small.o           262
    I64DivZer.o                   2
    cexit.o                      10
    cmain.o                      30
    copy_init3.o                 46
    cstartup_M.o                 12
    data_init.o                  40
    memset.o                     20
    zero_init3.o                 58
    -------------------------------------------------
    Total:                      582

shb_l.a: [5]
    exit.o                       20
    -------------------------------------------------
    Total:                       20

    Gaps                         10        2
    Linker created                        36    1'024
-----------------------------------------------------
    Grand Total:              6'778       54    1'176


*******************************************************************************
*** ENTRY LIST
***

Entry                       Address   Size  Type      Object
-----                       -------   ----  ----      ------
.iar.init_table$$Base    0x800'1884          --   Gb  - Linker created -
.iar.init_table$$Limit   0x800'18a8          --   Gb  - Linker created -
?main                    0x800'18d9         Code  Gb  cmain.o [4]
ADC_IRQHandler           0x800'18bd    0x6  Code  Gb  stm32f4xx_it.o [1]
AHBPrescTable            0x800'1828   0x10  Data  Gb  system_stm32f4xx.o [1]
BusFault_Handler         0x800'18af    0x2  Code  Gb  stm32f4xx_it.o [1]
CSTACK$$Base            0x2000'0098          --   Gb  - Linker created -
CSTACK$$Limit           0x2000'0498          --   Gb  - Linker created -
DebugMon_Handler         0x800'18b5    0x2  Code  Gb  stm32f4xx_it.o [1]
HAL_ADCEx_InjectedConvCpltCallback
                         0x800'0709    0x2  Code  Wk  stm32f4xx_hal_adc_ex.o [1]
HAL_ADC_ConfigChannel    0x800'0441  0x122  Code  Gb  stm32f4xx_hal_adc.o [1]
HAL_ADC_IRQHandler       0x800'0315  0x120  Code  Gb  stm32f4xx_hal_adc.o [1]
HAL_ADC_Init             0x800'01ad  0x154  Code  Gb  stm32f4xx_hal_adc.o [1]
HAL_ADC_MspInit          0x800'05d5   0x64  Code  Gb  stm32f4xx_hal_msp.o [1]
HAL_Delay                0x800'11fd   0x28  Code  Wk  stm32f4xx_hal.o [1]
HAL_GPIO_Init            0x800'073d  0x1c2  Code  Gb  stm32f4xx_hal_gpio.o [1]
HAL_GPIO_TogglePin       0x800'0907    0xe  Code  Gb  stm32f4xx_hal_gpio.o [1]
HAL_GPIO_WritePin        0x800'08ff    0x8  Code  Gb  stm32f4xx_hal_gpio.o [1]
HAL_GetTick              0x800'16f5    0xc  Code  Wk  stm32f4xx_hal.o [1]
HAL_IncTick              0x800'18c9   0x10  Code  Wk  stm32f4xx_hal.o [1]
HAL_Init                 0x800'0df1   0x30  Code  Gb  stm32f4xx_hal.o [1]
HAL_InitTick             0x800'16b5   0x40  Code  Wk  stm32f4xx_hal.o [1]
HAL_MspInit              0x800'05a1   0x34  Code  Gb  stm32f4xx_hal_msp.o [1]
HAL_NVIC_EnableIRQ       0x800'09b7   0x16  Code  Gb  stm32f4xx_hal_cortex.o [1]
HAL_NVIC_SetPriority     0x800'097d   0x3a  Code  Gb  stm32f4xx_hal_cortex.o [1]
HAL_NVIC_SetPriorityGrouping
                         0x800'0963   0x1a  Code  Gb  stm32f4xx_hal_cortex.o [1]
HAL_RCC_ClockConfig      0x800'1535  0x100  Code  Gb  stm32f4xx_hal_rcc.o [1]
HAL_RCC_OscConfig        0x800'1225  0x310  Code  Wk  stm32f4xx_hal_rcc.o [1]
HAL_SYSTICK_Config       0x800'09cd   0x28  Code  Gb  stm32f4xx_hal_cortex.o [1]
HAL_TIMEx_MasterConfigSynchronization
                         0x800'1171   0x6e  Code  Gb  stm32f4xx_hal_tim_ex.o [1]
HAL_TIM_MspPostInit      0x800'065f   0x48  Code  Gb  stm32f4xx_hal_msp.o [1]
HAL_TIM_PWM_ConfigChannel
                         0x800'0e63   0xbc  Code  Gb  stm32f4xx_hal_tim.o [1]
HAL_TIM_PWM_Init         0x800'0e39   0x1a  Code  Gb  stm32f4xx_hal_tim.o [1]
HAL_TIM_PWM_MspInit      0x800'0639   0x26  Code  Gb  stm32f4xx_hal_msp.o [1]
HardFault_Handler        0x800'18ab    0x2  Code  Gb  stm32f4xx_it.o [1]
MemManage_Handler        0x800'18ad    0x2  Code  Gb  stm32f4xx_it.o [1]
NMI_Handler              0x800'18a9    0x2  Code  Gb  stm32f4xx_it.o [1]
PendSV_Handler           0x800'18b7    0x2  Code  Gb  stm32f4xx_it.o [1]
Region$$Table$$Base      0x800'1884          --   Gb  - Linker created -
Region$$Table$$Limit     0x800'18a8          --   Gb  - Linker created -
SVC_Handler              0x800'18b3    0x2  Code  Gb  stm32f4xx_it.o [1]
SysTick_Handler          0x800'18b9    0x4  Code  Gb  stm32f4xx_it.o [1]
SystemClock_Config       0x800'0d23   0x9a  Code  Gb  main.o [1]
SystemCoreClock         0x2000'000c    0x4  Data  Gb  system_stm32f4xx.o [1]
SystemInit               0x800'180d   0x14  Code  Gb  system_stm32f4xx.o [1]
TIM_Base_SetConfig       0x800'0f53   0x96  Code  Gb  stm32f4xx_hal_tim.o [1]
TIM_OC1_SetConfig        0x800'0fe9   0x58  Code  Lc  stm32f4xx_hal_tim.o [1]
TIM_OC2_SetConfig        0x800'1041   0x60  Code  Gb  stm32f4xx_hal_tim.o [1]
TIM_OC3_SetConfig        0x800'10a1   0x5e  Code  Lc  stm32f4xx_hal_tim.o [1]
TIM_OC4_SetConfig        0x800'10ff   0x46  Code  Lc  stm32f4xx_hal_tim.o [1]
UsageFault_Handler       0x800'18b1    0x2  Code  Gb  stm32f4xx_it.o [1]
__NVIC_SetPriority       0x800'0949   0x1a  Code  Lc  stm32f4xx_hal_cortex.o [1]
__aeabi_ldiv0            0x800'1809         Code  Gb  I64DivZer.o [4]
__aeabi_memset           0x800'0a21         Code  Gb  ABImemset.o [4]
__cmain                  0x800'18d9         Code  Gb  cmain.o [4]
__exit                   0x800'190d   0x14  Code  Gb  exit.o [5]
__iar_Memset             0x800'0a21         Code  Gb  ABImemset.o [4]
__iar_Memset_word        0x800'0a29         Code  Gb  ABImemset.o [4]
__iar_copy_init3         0x800'070f   0x2e  Code  Gb  copy_init3.o [4]
__iar_data_init3         0x800'1839   0x28  Code  Gb  data_init.o [4]
__iar_init_vfp           0x800'1861         Code  Gb  fpinit_M.o [3]
__iar_program_start      0x800'1941         Code  Gb  cstartup_M.o [4]
__iar_small_uldivmod     0x800'1701         Code  Gb  I64DivMod_small.o [4]
__iar_zero_init3         0x800'06cf   0x3a  Code  Gb  zero_init3.o [4]
__low_level_init         0x800'18f7    0x4  Code  Gb  low_level_init.o [2]
__vector_table           0x800'0000         Data  Gb  startup_stm32f429xx.o [1]
_call_main               0x800'18e5         Code  Gb  cmain.o [4]
_exit                    0x800'1901         Code  Gb  cexit.o [4]
_main                    0x800'18f3         Code  Gb  cmain.o [4]
exit                     0x800'18fb    0x4  Code  Gb  exit.o [2]
hadc2                   0x2000'0010   0x48  Data  Gb  main.o [1]
htim4                   0x2000'0058   0x40  Data  Gb  main.o [1]
main                     0x800'0a89  0x270  Code  Gb  main.o [1]
memset                   0x800'0a0d   0x14  Code  Gb  memset.o [4]
uwTick                  0x2000'0004    0x4  Data  Gb  stm32f4xx_hal.o [1]
uwTickFreq              0x2000'0000    0x1  Data  Gb  stm32f4xx_hal.o [1]
uwTickPrio              0x2000'0008    0x4  Data  Gb  stm32f4xx_hal.o [1]


[1] = C:\Users\maxunm\Desktop\TShirtPress\BoardOutputVerification\EWARM\BoardOutputVerification\Obj
[2] = dl7M_tln.a
[3] = m7M_tls.a
[4] = rt7M_tl.a
[5] = shb_l.a

  6'778 bytes of readonly  code memory
     54 bytes of readonly  data memory
  1'176 bytes of readwrite data memory

Errors: none
Warnings: none
